<html>
<body>
<pre>
<h1>µVision Build Log</h1>
<h2>Tool Versions:</h2>
IDE-Version: µVision V5.36.0.0
Copyright (C) 2021 ARM Ltd and ARM Germany GmbH. All rights reserved.
License Information: Michael Gostev, KBAH, LIC=8MZI6-DAKZZ-F1VPT-RD7BS-XSR4A-DHYDS
 
Tool Versions:
Toolchain:       MDK-ARM Professional  Version: 5.36.0.0
Toolchain Path:  C:\Keil_v5\ARM\ARMCLANG\Bin
C Compiler:      ArmClang.exe V6.16
Assembler:       Armasm.exe V6.16
Linker/Locator:  ArmLink.exe V6.16
Library Manager: ArmAr.exe V6.16
Hex Converter:   FromElf.exe V6.16
CPU DLL:         SARMCM3.DLL V5.36.0.0
Dialog DLL:      DCM.DLL V1.17.3.0
Target DLL:      STLink\ST-LINKIII-KEIL_SWO.dll V3.0.9.0
Dialog DLL:      TCM.DLL V1.53.0.0
 
<h2>Project:</h2>
C:\Users\prizr\Documents\GitHub\C\G431\g431-buffers-and-numbers\MDK-ARM\g431-custom-mcu-module.uvprojx
Project File Date:  04/05/2024

<h2>Output:</h2>
*** Using Compiler 'V6.16', folder: 'C:\Keil_v5\ARM\ARMCLANG\Bin'
Build target 'g431-custom-mcu-module'
assembling startup_stm32g431xx.s...
compiling gpio.c...
compiling usart.c...
../Core/Src/main.c(168): warning: implicit declaration of function 'interpret_num' is invalid in C99 [-Wimplicit-function-declaration]
          num_of_six = interpret_num(mod_y);
                       ^
../Core/Src/main.c(170): warning: cast to 'uint8_t *' (aka 'unsigned char *') from smaller integer type 'uint8_t' (aka 'unsigned char') [-Wint-to-pointer-cast]
          HAL_UART_Transmit(&huart2, (uint8_t*) SSB, 1, 100);
                                     ^~~~~~~~~~~~~~
../Core/Src/main.c(174): warning: cast to 'uint8_t *' (aka 'unsigned char *') from smaller integer type 'int8_t' (aka 'signed char') [-Wint-to-pointer-cast]
          HAL_UART_Transmit(&huart2, (uint8_t*) Y, 1, 100);
                                     ^~~~~~~~~~~~
../Core/Src/main.c(250): warning: implicit declaration of function 'ipow' is invalid in C99 [-Wimplicit-function-declaration]
  buildings_count = ipow(10, y);
                    ^
../Core/Src/main.c(266): warning: implicit declaration of function 'eu_mod' is invalid in C99 [-Wimplicit-function-declaration]
  rest = eu_mod(buildings_count, 12);
         ^
5 warnings generated.
compiling main.c...
linking...
Program Size: Code=18378 RO-data=574 RW-data=280 ZI-data=3280  
FromELF: creating hex file...
"g431-custom-mcu-module\g431-custom-mcu-module.axf" - 0 Error(s), 5 Warning(s).

<h2>Software Packages used:</h2>

Package Vendor: ARM
                http://www.keil.com/pack/ARM.CMSIS.5.9.0.pack
                ARM.CMSIS.5.9.0
                CMSIS (Common Microcontroller Software Interface Standard)
   * Component: CORE Version: 5.6.0

Package Vendor: Keil
                https://www.keil.com/pack/Keil.STM32G4xx_DFP.1.5.0.pack
                Keil.STM32G4xx_DFP.1.5.0
                STMicroelectronics STM32G4 Series Device Support, Drivers and Examples

<h2>Collection of Component include folders:</h2>
  .\RTE\_g431-custom-mcu-module
  C:\Users\prizr\AppData\Local\Arm\Packs\ARM\CMSIS\5.9.0\CMSIS\Core\Include
  C:\Users\prizr\AppData\Local\Arm\Packs\Keil\STM32G4xx_DFP\1.5.0\Drivers\CMSIS\Device\ST\STM32G4xx\Include

<h2>Collection of Component Files used:</h2>

   * Component: ARM::CMSIS:CORE:5.6.0
      Include file:  CMSIS\Core\Include\tz_context.h
Build Time Elapsed:  00:00:02
</pre>
</body>
</html>
