Component: ARM Compiler 6.16 Tool: armlink [5dfeaa00]

==============================================================================

Section Cross References

    startup_stm32g431xx.o(STACK) refers (Special) to heapauxi.o(.text) for __use_two_region_memory
    startup_stm32g431xx.o(HEAP) refers (Special) to heapauxi.o(.text) for __use_two_region_memory
    startup_stm32g431xx.o(RESET) refers (Special) to heapauxi.o(.text) for __use_two_region_memory
    startup_stm32g431xx.o(RESET) refers to startup_stm32g431xx.o(STACK) for __initial_sp
    startup_stm32g431xx.o(RESET) refers to startup_stm32g431xx.o(.text) for Reset_Handler
    startup_stm32g431xx.o(RESET) refers to stm32g4xx_it.o(.text.NMI_Handler) for NMI_Handler
    startup_stm32g431xx.o(RESET) refers to stm32g4xx_it.o(.text.HardFault_Handler) for HardFault_Handler
    startup_stm32g431xx.o(RESET) refers to stm32g4xx_it.o(.text.MemManage_Handler) for MemManage_Handler
    startup_stm32g431xx.o(RESET) refers to stm32g4xx_it.o(.text.BusFault_Handler) for BusFault_Handler
    startup_stm32g431xx.o(RESET) refers to stm32g4xx_it.o(.text.UsageFault_Handler) for UsageFault_Handler
    startup_stm32g431xx.o(RESET) refers to stm32g4xx_it.o(.text.SVC_Handler) for SVC_Handler
    startup_stm32g431xx.o(RESET) refers to stm32g4xx_it.o(.text.DebugMon_Handler) for DebugMon_Handler
    startup_stm32g431xx.o(RESET) refers to stm32g4xx_it.o(.text.PendSV_Handler) for PendSV_Handler
    startup_stm32g431xx.o(RESET) refers to stm32g4xx_it.o(.text.SysTick_Handler) for SysTick_Handler
    startup_stm32g431xx.o(RESET) refers to stm32g4xx_it.o(.text.EXTI4_IRQHandler) for EXTI4_IRQHandler
    startup_stm32g431xx.o(RESET) refers to stm32g4xx_it.o(.text.USART3_IRQHandler) for USART3_IRQHandler
    startup_stm32g431xx.o(RESET) refers to stm32g4xx_it.o(.text.UCPD1_IRQHandler) for UCPD1_IRQHandler
    startup_stm32g431xx.o(RESET) refers to stm32g4xx_it.o(.text.RNG_IRQHandler) for RNG_IRQHandler
    startup_stm32g431xx.o(.text) refers (Special) to heapauxi.o(.text) for __use_two_region_memory
    startup_stm32g431xx.o(.text) refers to system_stm32g4xx.o(.text.SystemInit) for SystemInit
    startup_stm32g431xx.o(.text) refers to __main.o(!!!main) for __main
    startup_stm32g431xx.o(.text) refers to startup_stm32g431xx.o(HEAP) for Heap_Mem
    startup_stm32g431xx.o(.text) refers to startup_stm32g431xx.o(STACK) for Stack_Mem
    main.o(.ARM.exidx.text.mod) refers to main.o(.text.mod) for [Anonymous Symbol]
    main.o(.text.main) refers to stm32g4xx_hal.o(.text.HAL_Init) for HAL_Init
    main.o(.text.main) refers to main.o(.text.SystemClock_Config) for SystemClock_Config
    main.o(.text.main) refers to gpio.o(.text.MX_GPIO_Init) for MX_GPIO_Init
    main.o(.text.main) refers to adc.o(.text.MX_ADC1_Init) for MX_ADC1_Init
    main.o(.text.main) refers to adc.o(.text.MX_ADC2_Init) for MX_ADC2_Init
    main.o(.text.main) refers to dac.o(.text.MX_DAC1_Init) for MX_DAC1_Init
    main.o(.text.main) refers to spi.o(.text.MX_SPI2_Init) for MX_SPI2_Init
    main.o(.text.main) refers to tim.o(.text.MX_TIM1_Init) for MX_TIM1_Init
    main.o(.text.main) refers to tim.o(.text.MX_TIM8_Init) for MX_TIM8_Init
    main.o(.text.main) refers to ucpd.o(.text.MX_UCPD1_Init) for MX_UCPD1_Init
    main.o(.text.main) refers to usart.o(.text.MX_USART2_UART_Init) for MX_USART2_UART_Init
    main.o(.text.main) refers to usart.o(.text.MX_USART3_UART_Init) for MX_USART3_UART_Init
    main.o(.text.main) refers to usb.o(.text.MX_USB_PCD_Init) for MX_USB_PCD_Init
    main.o(.text.main) refers to i2c.o(.text.MX_I2C1_Init) for MX_I2C1_Init
    main.o(.text.main) refers to rng.o(.text.MX_RNG_Init) for MX_RNG_Init
    main.o(.text.main) refers to main.o(.data.ring_buffer) for ring_buffer
    main.o(.text.main) refers to usart.o(.bss.huart2) for huart2
    main.o(.text.main) refers to ring_buffer.o(.text.ring_buf_init) for ring_buf_init
    main.o(.text.main) refers to usart.o(.bss.huart3) for huart3
    main.o(.text.main) refers to main.o(.rodata.str1.1) for .L.str
    main.o(.text.main) refers to stm32g4xx_hal_uart.o(.text.HAL_UART_Transmit) for HAL_UART_Transmit
    main.o(.text.main) refers to stm32g4xx_hal.o(.text.HAL_SuspendTick) for HAL_SuspendTick
    main.o(.text.main) refers to stm32g4xx_hal_pwr.o(.text.HAL_PWR_EnterSTOPMode) for HAL_PWR_EnterSTOPMode
    main.o(.text.main) refers to stm32g4xx_hal.o(.text.HAL_ResumeTick) for HAL_ResumeTick
    main.o(.text.main) refers to rng.o(.bss.hrng) for hrng
    main.o(.text.main) refers to main.o(.bss.random_num) for random_num
    main.o(.text.main) refers to main.o(.bss.Y) for Y
    main.o(.text.main) refers to stm32g4xx_hal_rng.o(.text.HAL_RNG_GenerateRandomNumber) for HAL_RNG_GenerateRandomNumber
    main.o(.text.main) refers to ring_buffer.o(.text.ring_buff_put) for ring_buff_put
    main.o(.text.main) refers to stm32g4xx_hal.o(.text.HAL_Delay) for HAL_Delay
    main.o(.text.main) refers to ring_buffer.o(.text.ring_buf_get_empty_slots) for ring_buf_get_empty_slots
[...]
    [Anonymous Symbol]                       0x0800308c   Section        0  stm32g4xx_hal_adc.o(.text.LL_ADC_IsEnabled)
    LL_ADC_IsEnabled                         0x08003095   Thumb Code     8  stm32g4xx_hal_adc_ex.o(.text.LL_ADC_IsEnabled)
    [Anonymous Symbol]                       0x08003094   Section        0  stm32g4xx_hal_adc_ex.o(.text.LL_ADC_IsEnabled)
    LL_ADC_IsInternalRegulatorEnabled        0x0800309d   Thumb Code     8  stm32g4xx_hal_adc.o(.text.LL_ADC_IsInternalRegulatorEnabled)
    [Anonymous Symbol]                       0x0800309c   Section        0  stm32g4xx_hal_adc.o(.text.LL_ADC_IsInternalRegulatorEnabled)
    LL_ADC_REG_IsConversionOngoing           0x080030a5   Thumb Code     8  stm32g4xx_hal_adc.o(.text.LL_ADC_REG_IsConversionOngoing)
    [Anonymous Symbol]                       0x080030a4   Section        0  stm32g4xx_hal_adc.o(.text.LL_ADC_REG_IsConversionOngoing)
    LL_ADC_REG_IsConversionOngoing           0x080030ad   Thumb Code     8  stm32g4xx_hal_adc_ex.o(.text.LL_ADC_REG_IsConversionOngoing)
    [Anonymous Symbol]                       0x080030ac   Section        0  stm32g4xx_hal_adc_ex.o(.text.LL_ADC_REG_IsConversionOngoing)
    LL_ADC_REG_SetSequencerRanks             0x080030b5   Thumb Code    38  stm32g4xx_hal_adc.o(.text.LL_ADC_REG_SetSequencerRanks)
    [Anonymous Symbol]                       0x080030b4   Section        0  stm32g4xx_hal_adc.o(.text.LL_ADC_REG_SetSequencerRanks)
    LL_ADC_SetChannelSamplingTime            0x080030dd   Thumb Code    34  stm32g4xx_hal_adc.o(.text.LL_ADC_SetChannelSamplingTime)
    [Anonymous Symbol]                       0x080030dc   Section        0  stm32g4xx_hal_adc.o(.text.LL_ADC_SetChannelSamplingTime)
    LL_ADC_SetChannelSingleDiff              0x08003101   Thumb Code    30  stm32g4xx_hal_adc.o(.text.LL_ADC_SetChannelSingleDiff)
    [Anonymous Symbol]                       0x08003100   Section        0  stm32g4xx_hal_adc.o(.text.LL_ADC_SetChannelSingleDiff)
    LL_ADC_SetCommonClock                    0x08003121   Thumb Code    20  stm32g4xx_hal_adc.o(.text.LL_ADC_SetCommonClock)
    [Anonymous Symbol]                       0x08003120   Section        0  stm32g4xx_hal_adc.o(.text.LL_ADC_SetCommonClock)
    LL_ADC_SetCommonPathInternalCh           0x08003135   Thumb Code    20  stm32g4xx_hal_adc.o(.text.LL_ADC_SetCommonPathInternalCh)
    [Anonymous Symbol]                       0x08003134   Section        0  stm32g4xx_hal_adc.o(.text.LL_ADC_SetCommonPathInternalCh)
    LL_ADC_SetOffset                         0x08003149   Thumb Code    36  stm32g4xx_hal_adc.o(.text.LL_ADC_SetOffset)
    [Anonymous Symbol]                       0x08003148   Section        0  stm32g4xx_hal_adc.o(.text.LL_ADC_SetOffset)
    LL_ADC_SetOffsetSaturation               0x0800316d   Thumb Code    16  stm32g4xx_hal_adc.o(.text.LL_ADC_SetOffsetSaturation)
    [Anonymous Symbol]                       0x0800316c   Section        0  stm32g4xx_hal_adc.o(.text.LL_ADC_SetOffsetSaturation)
    LL_ADC_SetOffsetSign                     0x0800317d   Thumb Code    16  stm32g4xx_hal_adc.o(.text.LL_ADC_SetOffsetSign)
    [Anonymous Symbol]                       0x0800317c   Section        0  stm32g4xx_hal_adc.o(.text.LL_ADC_SetOffsetSign)
    LL_ADC_SetOffsetState                    0x0800318d   Thumb Code    14  stm32g4xx_hal_adc.o(.text.LL_ADC_SetOffsetState)
    [Anonymous Symbol]                       0x0800318c   Section        0  stm32g4xx_hal_adc.o(.text.LL_ADC_SetOffsetState)
    LL_ADC_SetSamplingTimeCommonConfig       0x0800319d   Thumb Code    12  stm32g4xx_hal_adc.o(.text.LL_ADC_SetSamplingTimeCommonConfig)
    [Anonymous Symbol]                       0x0800319c   Section        0  stm32g4xx_hal_adc.o(.text.LL_ADC_SetSamplingTimeCommonConfig)
    LL_AHB2_GRP1_EnableClock                 0x080031a9   Thumb Code    32  ucpd.o(.text.LL_AHB2_GRP1_EnableClock)
    [Anonymous Symbol]                       0x080031a8   Section        0  ucpd.o(.text.LL_AHB2_GRP1_EnableClock)
    LL_APB1_GRP2_EnableClock                 0x080031c9   Thumb Code    32  ucpd.o(.text.LL_APB1_GRP2_EnableClock)
    [Anonymous Symbol]                       0x080031c8   Section        0  ucpd.o(.text.LL_APB1_GRP2_EnableClock)
    [Anonymous Symbol]                       0x080031e8   Section        0  stm32g4xx_ll_gpio.o(.text.LL_GPIO_Init)
    LL_GPIO_SetAFPin_0_7                     0x08003271   Thumb Code    32  stm32g4xx_ll_gpio.o(.text.LL_GPIO_SetAFPin_0_7)
    [Anonymous Symbol]                       0x08003270   Section        0  stm32g4xx_ll_gpio.o(.text.LL_GPIO_SetAFPin_0_7)
    LL_GPIO_SetAFPin_8_15                    0x08003291   Thumb Code    34  stm32g4xx_ll_gpio.o(.text.LL_GPIO_SetAFPin_8_15)
    [Anonymous Symbol]                       0x08003290   Section        0  stm32g4xx_ll_gpio.o(.text.LL_GPIO_SetAFPin_8_15)
    LL_GPIO_SetPinMode                       0x080032b5   Thumb Code    32  stm32g4xx_ll_gpio.o(.text.LL_GPIO_SetPinMode)
    [Anonymous Symbol]                       0x080032b4   Section        0  stm32g4xx_ll_gpio.o(.text.LL_GPIO_SetPinMode)
    LL_GPIO_SetPinOutputType                 0x080032d5   Thumb Code    12  stm32g4xx_ll_gpio.o(.text.LL_GPIO_SetPinOutputType)
    [Anonymous Symbol]                       0x080032d4   Section        0  stm32g4xx_ll_gpio.o(.text.LL_GPIO_SetPinOutputType)
    LL_GPIO_SetPinPull                       0x080032e1   Thumb Code    32  stm32g4xx_ll_gpio.o(.text.LL_GPIO_SetPinPull)
    [Anonymous Symbol]                       0x080032e0   Section        0  stm32g4xx_ll_gpio.o(.text.LL_GPIO_SetPinPull)
    LL_GPIO_SetPinSpeed                      0x08003301   Thumb Code    32  stm32g4xx_ll_gpio.o(.text.LL_GPIO_SetPinSpeed)
    [Anonymous Symbol]                       0x08003300   Section        0  stm32g4xx_ll_gpio.o(.text.LL_GPIO_SetPinSpeed)
    [Anonymous Symbol]                       0x08003320   Section        0  adc.o(.text.MX_ADC1_Init)
    [Anonymous Symbol]                       0x080033cc   Section        0  adc.o(.text.MX_ADC2_Init)
    [Anonymous Symbol]                       0x08003458   Section        0  dac.o(.text.MX_DAC1_Init)
    [Anonymous Symbol]                       0x080034d0   Section        0  gpio.o(.text.MX_GPIO_Init)
    [Anonymous Symbol]                       0x08003588   Section        0  i2c.o(.text.MX_I2C1_Init)
    [Anonymous Symbol]                       0x08003600   Section        0  rng.o(.text.MX_RNG_Init)
    [Anonymous Symbol]                       0x08003628   Section        0  spi.o(.text.MX_SPI2_Init)
    [Anonymous Symbol]                       0x08003674   Section        0  tim.o(.text.MX_TIM1_Init)
    [Anonymous Symbol]                       0x080037bc   Section        0  tim.o(.text.MX_TIM8_Init)
    [Anonymous Symbol]                       0x080038ec   Section        0  ucpd.o(.text.MX_UCPD1_Init)
    [Anonymous Symbol]                       0x08003948   Section        0  usart.o(.text.MX_USART2_UART_Init)
    [Anonymous Symbol]                       0x080039c8   Section        0  usart.o(.text.MX_USART3_UART_Init)
    [Anonymous Symbol]                       0x08003a4c   Section        0  usb.o(.text.MX_USB_PCD_Init)
    [Anonymous Symbol]                       0x08003a80   Section        0  stm32g4xx_it.o(.text.MemManage_Handler)
    [Anonymous Symbol]                       0x08003a84   Section        0  stm32g4xx_it.o(.text.NMI_Handler)
    NVIC_EncodePriority                      0x08003a89   Thumb Code     4  ucpd.o(.text.NVIC_EncodePriority)
    [Anonymous Symbol]                       0x08003a88   Section        0  ucpd.o(.text.NVIC_EncodePriority)
    NVIC_EncodePriority                      0x08003a8d   Thumb Code    44  stm32g4xx_hal_cortex.o(.text.NVIC_EncodePriority)
    [Anonymous Symbol]                       0x08003a8c   Section        0  stm32g4xx_hal_cortex.o(.text.NVIC_EncodePriority)
    [Anonymous Symbol]                       0x08003ab8   Section        0  stm32g4xx_it.o(.text.PendSV_Handler)
    RCC_GetSysClockFreqFromPLLSource         0x08003abd   Thumb Code    72  stm32g4xx_hal_rcc.o(.text.RCC_GetSysClockFreqFromPLLSource)
    [Anonymous Symbol]                       0x08003abc   Section        0  stm32g4xx_hal_rcc.o(.text.RCC_GetSysClockFreqFromPLLSource)
    [Anonymous Symbol]                       0x08003b04   Section        0  stm32g4xx_it.o(.text.RNG_IRQHandler)
    [Anonymous Symbol]                       0x08003b14   Section        0  stm32g4xx_it.o(.text.SVC_Handler)
    SysTick_Config                           0x08003b19   Thumb Code    46  stm32g4xx_hal_cortex.o(.text.SysTick_Config)
    [Anonymous Symbol]                       0x08003b18   Section        0  stm32g4xx_hal_cortex.o(.text.SysTick_Config)
    [Anonymous Symbol]                       0x08003b48   Section        0  stm32g4xx_it.o(.text.SysTick_Handler)
    [Anonymous Symbol]                       0x08003b50   Section        0  main.o(.text.SystemClock_Config)
    [Anonymous Symbol]                       0x08003bc4   Section        0  system_stm32g4xx.o(.text.SystemInit)
    [Anonymous Symbol]                       0x08003bd8   Section        0  stm32g4xx_hal_tim.o(.text.TIM_Base_SetConfig)
    [Anonymous Symbol]                       0x08003cd8   Section        0  stm32g4xx_hal_tim.o(.text.TIM_ETR_SetConfig)
    TIM_ITRx_SetConfig                       0x08003cf1   Thumb Code    22  stm32g4xx_hal_tim.o(.text.TIM_ITRx_SetConfig)
    [Anonymous Symbol]                       0x08003cf0   Section        0  stm32g4xx_hal_tim.o(.text.TIM_ITRx_SetConfig)
    TIM_OC1_SetConfig                        0x08003d09   Thumb Code   126  stm32g4xx_hal_tim.o(.text.TIM_OC1_SetConfig)
    [Anonymous Symbol]                       0x08003d08   Section        0  stm32g4xx_hal_tim.o(.text.TIM_OC1_SetConfig)
    [Anonymous Symbol]                       0x08003d88   Section        0  stm32g4xx_hal_tim.o(.text.TIM_OC2_SetConfig)
    TIM_OC3_SetConfig                        0x08003e19   Thumb Code   144  stm32g4xx_hal_tim.o(.text.TIM_OC3_SetConfig)
    [Anonymous Symbol]                       0x08003e18   Section        0  stm32g4xx_hal_tim.o(.text.TIM_OC3_SetConfig)
    TIM_OC4_SetConfig                        0x08003ea9   Thumb Code   144  stm32g4xx_hal_tim.o(.text.TIM_OC4_SetConfig)
    [Anonymous Symbol]                       0x08003ea8   Section        0  stm32g4xx_hal_tim.o(.text.TIM_OC4_SetConfig)
    TIM_OC5_SetConfig                        0x08003f39   Thumb Code    94  stm32g4xx_hal_tim.o(.text.TIM_OC5_SetConfig)
    [Anonymous Symbol]                       0x08003f38   Section        0  stm32g4xx_hal_tim.o(.text.TIM_OC5_SetConfig)
    TIM_OC6_SetConfig                        0x08003f99   Thumb Code    96  stm32g4xx_hal_tim.o(.text.TIM_OC6_SetConfig)
    [Anonymous Symbol]                       0x08003f98   Section        0  stm32g4xx_hal_tim.o(.text.TIM_OC6_SetConfig)
    TIM_TI1_ConfigInputStage                 0x08003ff9   Thumb Code    34  stm32g4xx_hal_tim.o(.text.TIM_TI1_ConfigInputStage)
    [Anonymous Symbol]                       0x08003ff8   Section        0  stm32g4xx_hal_tim.o(.text.TIM_TI1_ConfigInputStage)
    TIM_TI2_ConfigInputStage                 0x0800401d   Thumb Code    36  stm32g4xx_hal_tim.o(.text.TIM_TI2_ConfigInputStage)
    [Anonymous Symbol]                       0x0800401c   Section        0  stm32g4xx_hal_tim.o(.text.TIM_TI2_ConfigInputStage)
    UARTEx_SetNbDataToProcess                0x08004041   Thumb Code    84  stm32g4xx_hal_uart_ex.o(.text.UARTEx_SetNbDataToProcess)
    [Anonymous Symbol]                       0x08004040   Section        0  stm32g4xx_hal_uart_ex.o(.text.UARTEx_SetNbDataToProcess)
    [Anonymous Symbol]                       0x08004094   Section        0  stm32g4xx_hal_uart.o(.text.UART_AdvFeatureConfig)
    [Anonymous Symbol]                       0x0800417c   Section        0  stm32g4xx_hal_uart.o(.text.UART_CheckIdleState)
    UART_DMAAbortOnError                     0x080041ed   Thumb Code    20  stm32g4xx_hal_uart.o(.text.UART_DMAAbortOnError)
    [Anonymous Symbol]                       0x080041ec   Section        0  stm32g4xx_hal_uart.o(.text.UART_DMAAbortOnError)
    UART_EndRxTransfer                       0x08004201   Thumb Code    90  stm32g4xx_hal_uart.o(.text.UART_EndRxTransfer)
    [Anonymous Symbol]                       0x08004200   Section        0  stm32g4xx_hal_uart.o(.text.UART_EndRxTransfer)
    UART_EndTransmit_IT                      0x0800425d   Thumb Code    40  stm32g4xx_hal_uart.o(.text.UART_EndTransmit_IT)
    [Anonymous Symbol]                       0x0800425c   Section        0  stm32g4xx_hal_uart.o(.text.UART_EndTransmit_IT)
    [Anonymous Symbol]                       0x08004284   Section        0  stm32g4xx_hal_uart.o(.text.UART_SetConfig)
    [Anonymous Symbol]                       0x08004548   Section        0  stm32g4xx_hal_uart.o(.text.UART_WaitOnFlagUntilTimeout)
    [Anonymous Symbol]                       0x08004634   Section        0  stm32g4xx_it.o(.text.UCPD1_IRQHandler)
    [Anonymous Symbol]                       0x08004638   Section        0  stm32g4xx_it.o(.text.USART3_IRQHandler)
    [Anonymous Symbol]                       0x08004648   Section        0  stm32g4xx_ll_usb.o(.text.USB_DevInit)
    [Anonymous Symbol]                       0x08004664   Section        0  stm32g4xx_ll_usb.o(.text.USB_DisableGlobalInt)
    [Anonymous Symbol]                       0x08004678   Section        0  stm32g4xx_it.o(.text.UsageFault_Handler)
    __NVIC_EnableIRQ                         0x0800467d   Thumb Code    16  ucpd.o(.text.__NVIC_EnableIRQ)
    [Anonymous Symbol]                       0x0800467c   Section        0  ucpd.o(.text.__NVIC_EnableIRQ)
    __NVIC_EnableIRQ                         0x0800468d   Thumb Code    32  stm32g4xx_hal_cortex.o(.text.__NVIC_EnableIRQ)
    [Anonymous Symbol]                       0x0800468c   Section        0  stm32g4xx_hal_cortex.o(.text.__NVIC_EnableIRQ)
    __NVIC_GetPriorityGrouping               0x080046ad   Thumb Code    16  ucpd.o(.text.__NVIC_GetPriorityGrouping)
    [Anonymous Symbol]                       0x080046ac   Section        0  ucpd.o(.text.__NVIC_GetPriorityGrouping)
    __NVIC_GetPriorityGrouping               0x080046bd   Thumb Code    16  stm32g4xx_hal_cortex.o(.text.__NVIC_GetPriorityGrouping)
    [Anonymous Symbol]                       0x080046bc   Section        0  stm32g4xx_hal_cortex.o(.text.__NVIC_GetPriorityGrouping)
    __NVIC_SetPriority                       0x080046cd   Thumb Code    14  ucpd.o(.text.__NVIC_SetPriority)
    [Anonymous Symbol]                       0x080046cc   Section        0  ucpd.o(.text.__NVIC_SetPriority)
    __NVIC_SetPriority                       0x080046dd   Thumb Code    34  stm32g4xx_hal_cortex.o(.text.__NVIC_SetPriority)
    [Anonymous Symbol]                       0x080046dc   Section        0  stm32g4xx_hal_cortex.o(.text.__NVIC_SetPriority)
    __NVIC_SetPriorityGrouping               0x08004701   Thumb Code    32  stm32g4xx_hal_cortex.o(.text.__NVIC_SetPriorityGrouping)
    [Anonymous Symbol]                       0x08004700   Section        0  stm32g4xx_hal_cortex.o(.text.__NVIC_SetPriorityGrouping)
    [Anonymous Symbol]                       0x08004720   Section        0  main.o(.text.eu_mod)
    [Anonymous Symbol]                       0x08004740   Section        0  main.o(.text.interpret_num)
    [Anonymous Symbol]                       0x08004798   Section        0  main.o(.text.ipow)
    [Anonymous Symbol]                       0x080047c8   Section        0  main.o(.text.main)
    [Anonymous Symbol]                       0x080048f4   Section        0  main.o(.text.mod)
    [Anonymous Symbol]                       0x08004900   Section        0  ring_buffer.o(.text.ring_buf_get_empty_slots)
    [Anonymous Symbol]                       0x08004914   Section        0  ring_buffer.o(.text.ring_buf_get_head)
    [Anonymous Symbol]                       0x0800493c   Section        0  ring_buffer.o(.text.ring_buf_init)
    [Anonymous Symbol]                       0x08004968   Section        0  ring_buffer.o(.text.ring_buff_put)
    $v0                                      0x08004988   Number         0  fpinit.o(x$fpl$fpinit)
    x$fpl$fpinit                             0x08004988   Section       26  fpinit.o(x$fpl$fpinit)
    UARTEx_SetNbDataToProcess.numerator      0x080049d2   Data           8  stm32g4xx_hal_uart_ex.o(.rodata.cst8)
    [Anonymous Symbol]                       0x080049d2   Section        0  stm32g4xx_hal_uart_ex.o(.rodata.cst8)
    UARTEx_SetNbDataToProcess.denominator    0x080049da   Data           8  stm32g4xx_hal_uart_ex.o(.rodata.cst8)
    .L.str                                   0x080049e2   Data           6  main.o(.rodata.str1.1)
    [Anonymous Symbol]                       0x080049e2   Section        0  main.o(.rodata.str1.1)
    .bss                                     0x20000118   Section       96  libspace.o(.bss)
    HAL_RCC_ADC12_CLK_ENABLED                0x20000178   Data           4  adc.o(.bss.HAL_RCC_ADC12_CLK_ENABLED)
    [Anonymous Symbol]                       0x20000178   Section        0  adc.o(.bss.HAL_RCC_ADC12_CLK_ENABLED)
    Heap_Mem                                 0x200007e8   Data         512  startup_stm32g431xx.o(HEAP)
    HEAP                                     0x200007e8   Section      512  startup_stm32g431xx.o(HEAP)
    Stack_Mem                                0x200009e8   Data        1024  startup_stm32g431xx.o(STACK)
    STACK                                    0x200009e8   Section     1024  startup_stm32g431xx.o(STACK)
    __initial_sp                             0x20000de8   Data           0  startup_stm32g431xx.o(STACK)

    Global Symbols

    Symbol Name                              Value     Ov Type        Size  Object(Section)

    BuildAttributes$$THM_ISAv4$E$P$D$K$B$S$7EM$VFPi3$EXTD16$VFPS$VFMA$PE$A:L22UL41UL21$X:L11$S22US41US21$IEEE1$IW$~IW$USESV6$~STKCKD$USESV7$~SHL$OTIME$ROPI$EBA8$UX$STANDARDLIB$REQ8$PRES8$EABIv2 0x00000000   Number         0  anon$$obj.o ABSOLUTE
    __ARM_exceptions_init                     - Undefined Weak Reference
    __alloca_initialize                       - Undefined Weak Reference
    __arm_preinit_                            - Undefined Weak Reference
    __cpp_initialize__aeabi_                  - Undefined Weak Reference
    __cxa_finalize                            - Undefined Weak Reference
    __rt_locale                               - Undefined Weak Reference
    __sigvec_lookup                           - Undefined Weak Reference
    _atexit_init                              - Undefined Weak Reference
    _call_atexit_fns                          - Undefined Weak Reference
    _clock_init                               - Undefined Weak Reference
    _fp_trap_init                             - Undefined Weak Reference
    _fp_trap_shutdown                         - Undefined Weak Reference
    _get_lc_collate                           - Undefined Weak Reference
    _get_lc_ctype                             - Undefined Weak Reference
    _get_lc_monetary                          - Undefined Weak Reference
    _get_lc_numeric                           - Undefined Weak Reference
    _get_lc_time                              - Undefined Weak Reference
    _getenv_init                              - Undefined Weak Reference
    _handle_redirection                       - Undefined Weak Reference
    _init_alloc                               - Undefined Weak Reference
    _init_user_alloc                          - Undefined Weak Reference
    _initio                                   - Undefined Weak Reference
    _rand_init                                - Undefined Weak Reference
    _signal_finish                            - Undefined Weak Reference
    _signal_init                              - Undefined Weak Reference
    _terminate_alloc                          - Undefined Weak Reference
    _terminate_user_alloc                     - Undefined Weak Reference
    _terminateio                              - Undefined Weak Reference
    __Vectors_Size                           0x000001d8   Number         0  startup_stm32g431xx.o ABSOLUTE
    __Vectors                                0x08000000   Data           4  startup_stm32g431xx.o(RESET)
    __Vectors_End                            0x080001d8   Data           0  startup_stm32g431xx.o(RESET)
    __main                                   0x080001d9   Thumb Code     8  __main.o(!!!main)
    __scatterload                            0x080001e1   Thumb Code     0  __scatter.o(!!!scatter)
    __scatterload_rt2                        0x080001e1   Thumb Code    44  __scatter.o(!!!scatter)
    __scatterload_rt2_thumb_only             0x080001e1   Thumb Code     0  __scatter.o(!!!scatter)
    __scatterload_null                       0x080001ef   Thumb Code     0  __scatter.o(!!!scatter)
    __scatterload_copy                       0x08000215   Thumb Code    26  __scatter_copy.o(!!handler_copy)
    __scatterload_zeroinit                   0x08000231   Thumb Code    28  __scatter_zi.o(!!handler_zi)
    __rt_lib_init                            0x0800024d   Thumb Code     0  libinit.o(.ARM.Collect$$libinit$$00000000)
    __rt_lib_init_fp_1                       0x0800024f   Thumb Code     0  libinit2.o(.ARM.Collect$$libinit$$00000001)
    __rt_lib_init_alloca_1                   0x08000253   Thumb Code     0  libinit2.o(.ARM.Collect$$libinit$$0000002E)
    __rt_lib_init_argv_1                     0x08000253   Thumb Code     0  libinit2.o(.ARM.Collect$$libinit$$0000002C)
    __rt_lib_init_atexit_1                   0x08000253   Thumb Code     0  libinit2.o(.ARM.Collect$$libinit$$0000001B)
    __rt_lib_init_clock_1                    0x08000253   Thumb Code     0  libinit2.o(.ARM.Collect$$libinit$$00000021)
    __rt_lib_init_cpp_1                      0x08000253   Thumb Code     0  libinit2.o(.ARM.Collect$$libinit$$00000032)
    __rt_lib_init_exceptions_1               0x08000253   Thumb Code     0  libinit2.o(.ARM.Collect$$libinit$$00000030)
    __rt_lib_init_fp_trap_1                  0x08000253   Thumb Code     0  libinit2.o(.ARM.Collect$$libinit$$0000001F)
    __rt_lib_init_getenv_1                   0x08000253   Thumb Code     0  libinit2.o(.ARM.Collect$$libinit$$00000023)
    __rt_lib_init_heap_1                     0x08000253   Thumb Code     0  libinit2.o(.ARM.Collect$$libinit$$0000000A)
    __rt_lib_init_lc_collate_1               0x08000253   Thumb Code     0  libinit2.o(.ARM.Collect$$libinit$$00000011)
    __rt_lib_init_lc_ctype_1                 0x08000253   Thumb Code     0  libinit2.o(.ARM.Collect$$libinit$$00000013)
    __rt_lib_init_lc_monetary_1              0x08000253   Thumb Code     0  libinit2.o(.ARM.Collect$$libinit$$00000015)
    __rt_lib_init_lc_numeric_1               0x08000253   Thumb Code     0  libinit2.o(.ARM.Collect$$libinit$$00000017)
    __rt_lib_init_lc_time_1                  0x08000253   Thumb Code     0  libinit2.o(.ARM.Collect$$libinit$$00000019)
    __rt_lib_init_preinit_1                  0x08000253   Thumb Code     0  libinit2.o(.ARM.Collect$$libinit$$00000004)
    __rt_lib_init_rand_1                     0x08000253   Thumb Code     0  libinit2.o(.ARM.Collect$$libinit$$0000000E)
    __rt_lib_init_return                     0x08000253   Thumb Code     0  libinit2.o(.ARM.Collect$$libinit$$00000033)
    __rt_lib_init_signal_1                   0x08000253   Thumb Code     0  libinit2.o(.ARM.Collect$$libinit$$0000001D)
    __rt_lib_init_stdio_1                    0x08000253   Thumb Code     0  libinit2.o(.ARM.Collect$$libinit$$00000025)
    __rt_lib_init_user_alloc_1               0x08000253   Thumb Code     0  libinit2.o(.ARM.Collect$$libinit$$0000000C)
    __rt_lib_shutdown                        0x08000255   Thumb Code     0  libshutdown.o(.ARM.Collect$$libshutdown$$00000000)
    __rt_lib_shutdown_cpp_1                  0x08000257   Thumb Code     0  libshutdown2.o(.ARM.Collect$$libshutdown$$00000002)
    __rt_lib_shutdown_fp_trap_1              0x08000257   Thumb Code     0  libshutdown2.o(.ARM.Collect$$libshutdown$$00000007)
    __rt_lib_shutdown_heap_1                 0x08000257   Thumb Code     0  libshutdown2.o(.ARM.Collect$$libshutdown$$0000000F)
    __rt_lib_shutdown_return                 0x08000257   Thumb Code     0  libshutdown2.o(.ARM.Collect$$libshutdown$$00000010)
    __rt_lib_shutdown_signal_1               0x08000257   Thumb Code     0  libshutdown2.o(.ARM.Collect$$libshutdown$$0000000A)
    __rt_lib_shutdown_stdio_1                0x08000257   Thumb Code     0  libshutdown2.o(.ARM.Collect$$libshutdown$$00000004)
    __rt_lib_shutdown_user_alloc_1           0x08000257   Thumb Code     0  libshutdown2.o(.ARM.Collect$$libshutdown$$0000000C)
    __rt_entry                               0x08000259   Thumb Code     0  __rtentry.o(.ARM.Collect$$rtentry$$00000000)
    __rt_entry_presh_1                       0x08000259   Thumb Code     0  __rtentry2.o(.ARM.Collect$$rtentry$$00000002)
    __rt_entry_sh                            0x08000259   Thumb Code     0  __rtentry4.o(.ARM.Collect$$rtentry$$00000004)
    __rt_entry_li                            0x0800025f   Thumb Code     0  __rtentry2.o(.ARM.Collect$$rtentry$$0000000A)
    __rt_entry_postsh_1                      0x0800025f   Thumb Code     0  __rtentry2.o(.ARM.Collect$$rtentry$$00000009)
    __rt_entry_main                          0x08000263   Thumb Code     0  __rtentry2.o(.ARM.Collect$$rtentry$$0000000D)
    __rt_entry_postli_1                      0x08000263   Thumb Code     0  __rtentry2.o(.ARM.Collect$$rtentry$$0000000C)
    __rt_exit                                0x0800026b   Thumb Code     0  rtexit.o(.ARM.Collect$$rtexit$$00000000)
    __rt_exit_ls                             0x0800026d   Thumb Code     0  rtexit2.o(.ARM.Collect$$rtexit$$00000003)
    __rt_exit_prels_1                        0x0800026d   Thumb Code     0  rtexit2.o(.ARM.Collect$$rtexit$$00000002)
    __rt_exit_exit                           0x08000271   Thumb Code     0  rtexit2.o(.ARM.Collect$$rtexit$$00000004)
    Reset_Handler                            0x08000279   Thumb Code     8  startup_stm32g431xx.o(.text)
    ADC1_2_IRQHandler                        0x08000293   Thumb Code     0  startup_stm32g431xx.o(.text)
    COMP1_2_3_IRQHandler                     0x08000293   Thumb Code     0  startup_stm32g431xx.o(.text)
    COMP4_IRQHandler                         0x08000293   Thumb Code     0  startup_stm32g431xx.o(.text)
    CORDIC_IRQHandler                        0x08000293   Thumb Code     0  startup_stm32g431xx.o(.text)
    CRS_IRQHandler                           0x08000293   Thumb Code     0  startup_stm32g431xx.o(.text)
    DMA1_Channel1_IRQHandler                 0x08000293   Thumb Code     0  startup_stm32g431xx.o(.text)
    DMA1_Channel2_IRQHandler                 0x08000293   Thumb Code     0  startup_stm32g431xx.o(.text)
    DMA1_Channel3_IRQHandler                 0x08000293   Thumb Code     0  startup_stm32g431xx.o(.text)
    DMA1_Channel4_IRQHandler                 0x08000293   Thumb Code     0  startup_stm32g431xx.o(.text)
    DMA1_Channel5_IRQHandler                 0x08000293   Thumb Code     0  startup_stm32g431xx.o(.text)
    DMA1_Channel6_IRQHandler                 0x08000293   Thumb Code     0  startup_stm32g431xx.o(.text)
    DMA2_Channel1_IRQHandler                 0x08000293   Thumb Code     0  startup_stm32g431xx.o(.text)
    DMA2_Channel2_IRQHandler                 0x08000293   Thumb Code     0  startup_stm32g431xx.o(.text)
    DMA2_Channel3_IRQHandler                 0x08000293   Thumb Code     0  startup_stm32g431xx.o(.text)
    DMA2_Channel4_IRQHandler                 0x08000293   Thumb Code     0  startup_stm32g431xx.o(.text)
    DMA2_Channel5_IRQHandler                 0x08000293   Thumb Code     0  startup_stm32g431xx.o(.text)
    DMA2_Channel6_IRQHandler                 0x08000293   Thumb Code     0  startup_stm32g431xx.o(.text)
    DMAMUX_OVR_IRQHandler                    0x08000293   Thumb Code     0  startup_stm32g431xx.o(.text)
    EXTI0_IRQHandler                         0x08000293   Thumb Code     0  startup_stm32g431xx.o(.text)
    EXTI15_10_IRQHandler                     0x08000293   Thumb Code     0  startup_stm32g431xx.o(.text)
    EXTI1_IRQHandler                         0x08000293   Thumb Code     0  startup_stm32g431xx.o(.text)
    EXTI2_IRQHandler                         0x08000293   Thumb Code     0  startup_stm32g431xx.o(.text)
    EXTI3_IRQHandler                         0x08000293   Thumb Code     0  startup_stm32g431xx.o(.text)
    EXTI9_5_IRQHandler                       0x08000293   Thumb Code     0  startup_stm32g431xx.o(.text)
    FDCAN1_IT0_IRQHandler                    0x08000293   Thumb Code     0  startup_stm32g431xx.o(.text)
    FDCAN1_IT1_IRQHandler                    0x08000293   Thumb Code     0  startup_stm32g431xx.o(.text)
    FLASH_IRQHandler                         0x08000293   Thumb Code     0  startup_stm32g431xx.o(.text)
    FMAC_IRQHandler                          0x08000293   Thumb Code     0  startup_stm32g431xx.o(.text)
    FPU_IRQHandler                           0x08000293   Thumb Code     0  startup_stm32g431xx.o(.text)
    I2C1_ER_IRQHandler                       0x08000293   Thumb Code     0  startup_stm32g431xx.o(.text)
    I2C1_EV_IRQHandler                       0x08000293   Thumb Code     0  startup_stm32g431xx.o(.text)
    I2C2_ER_IRQHandler                       0x08000293   Thumb Code     0  startup_stm32g431xx.o(.text)
    I2C2_EV_IRQHandler                       0x08000293   Thumb Code     0  startup_stm32g431xx.o(.text)
    I2C3_ER_IRQHandler                       0x08000293   Thumb Code     0  startup_stm32g431xx.o(.text)
    I2C3_EV_IRQHandler                       0x08000293   Thumb Code     0  startup_stm32g431xx.o(.text)
    LPTIM1_IRQHandler                        0x08000293   Thumb Code     0  startup_stm32g431xx.o(.text)
    LPUART1_IRQHandler                       0x08000293   Thumb Code     0  startup_stm32g431xx.o(.text)
    PVD_PVM_IRQHandler                       0x08000293   Thumb Code     0  startup_stm32g431xx.o(.text)
    RCC_IRQHandler                           0x08000293   Thumb Code     0  startup_stm32g431xx.o(.text)
    RTC_Alarm_IRQHandler                     0x08000293   Thumb Code     0  startup_stm32g431xx.o(.text)
    RTC_TAMP_LSECSS_IRQHandler               0x08000293   Thumb Code     0  startup_stm32g431xx.o(.text)
    RTC_WKUP_IRQHandler                      0x08000293   Thumb Code     0  startup_stm32g431xx.o(.text)
    SAI1_IRQHandler                          0x08000293   Thumb Code     0  startup_stm32g431xx.o(.text)
    SPI1_IRQHandler                          0x08000293   Thumb Code     0  startup_stm32g431xx.o(.text)
    SPI2_IRQHandler                          0x08000293   Thumb Code     0  startup_stm32g431xx.o(.text)
    SPI3_IRQHandler                          0x08000293   Thumb Code     0  startup_stm32g431xx.o(.text)
    TIM1_BRK_TIM15_IRQHandler                0x08000293   Thumb Code     0  startup_stm32g431xx.o(.text)
    TIM1_CC_IRQHandler                       0x08000293   Thumb Code     0  startup_stm32g431xx.o(.text)
    TIM1_TRG_COM_TIM17_IRQHandler            0x08000293   Thumb Code     0  startup_stm32g431xx.o(.text)
    TIM1_UP_TIM16_IRQHandler                 0x08000293   Thumb Code     0  startup_stm32g431xx.o(.text)
    TIM2_IRQHandler                          0x08000293   Thumb Code     0  startup_stm32g431xx.o(.text)
    TIM3_IRQHandler                          0x08000293   Thumb Code     0  startup_stm32g431xx.o(.text)
    TIM4_IRQHandler                          0x08000293   Thumb Code     0  startup_stm32g431xx.o(.text)
    TIM6_DAC_IRQHandler                      0x08000293   Thumb Code     0  startup_stm32g431xx.o(.text)
    TIM7_IRQHandler                          0x08000293   Thumb Code     0  startup_stm32g431xx.o(.text)
    TIM8_BRK_IRQHandler                      0x08000293   Thumb Code     0  startup_stm32g431xx.o(.text)
    TIM8_CC_IRQHandler                       0x08000293   Thumb Code     0  startup_stm32g431xx.o(.text)
    TIM8_TRG_COM_IRQHandler                  0x08000293   Thumb Code     0  startup_stm32g431xx.o(.text)
    TIM8_UP_IRQHandler                       0x08000293   Thumb Code     0  startup_stm32g431xx.o(.text)
    UART4_IRQHandler                         0x08000293   Thumb Code     0  startup_stm32g431xx.o(.text)
    USART1_IRQHandler                        0x08000293   Thumb Code     0  startup_stm32g431xx.o(.text)
    USART2_IRQHandler                        0x08000293   Thumb Code     0  startup_stm32g431xx.o(.text)
    USBWakeUp_IRQHandler                     0x08000293   Thumb Code     0  startup_stm32g431xx.o(.text)
    USB_HP_IRQHandler                        0x08000293   Thumb Code     0  startup_stm32g431xx.o(.text)
    USB_LP_IRQHandler                        0x08000293   Thumb Code     0  startup_stm32g431xx.o(.text)
    WWDG_IRQHandler                          0x08000293   Thumb Code     0  startup_stm32g431xx.o(.text)
    __user_initial_stackheap                 0x08000295   Thumb Code     0  startup_stm32g431xx.o(.text)
    __aeabi_uldivmod                         0x080002b9   Thumb Code     0  lludivv7m.o(.text)
    _ll_udiv                                 0x080002b9   Thumb Code   240  lludivv7m.o(.text)
    __aeabi_memclr                           0x080003a9   Thumb Code     0  rt_memclr.o(.text)
    __rt_memclr                              0x080003a9   Thumb Code     0  rt_memclr.o(.text)
    _memset                                  0x080003ad   Thumb Code    64  rt_memclr.o(.text)
    __aeabi_memclr4                          0x080003ed   Thumb Code     0  rt_memclr_w.o(.text)
    __aeabi_memclr8                          0x080003ed   Thumb Code     0  rt_memclr_w.o(.text)
    __rt_memclr_w                            0x080003ed   Thumb Code     0  rt_memclr_w.o(.text)
    _memset_w                                0x080003f1   Thumb Code    74  rt_memclr_w.o(.text)
    __use_two_region_memory                  0x0800043b   Thumb Code     2  heapauxi.o(.text)
    __rt_heap_escrow$2region                 0x0800043d   Thumb Code     2  heapauxi.o(.text)
    __rt_heap_expand$2region                 0x0800043f   Thumb Code     2  heapauxi.o(.text)
    __user_setup_stackheap                   0x08000441   Thumb Code    74  sys_stackheap_outer.o(.text)
    exit                                     0x0800048b   Thumb Code    18  exit.o(.text)
    __user_libspace                          0x0800049d   Thumb Code     8  libspace.o(.text)
    __user_perproc_libspace                  0x0800049d   Thumb Code     0  libspace.o(.text)
    __user_perthread_libspace                0x0800049d   Thumb Code     0  libspace.o(.text)
    _sys_exit                                0x080004a5   Thumb Code     8  sys_exit.o(.text)
    __I$use$semihosting                      0x080004b1   Thumb Code     0  use_no_semi.o(.text)
    __use_no_semihosting_swi                 0x080004b1   Thumb Code     2  use_no_semi.o(.text)
    __semihosting_library_function           0x080004b3   Thumb Code     0  indicate_semi.o(.text)
    BusFault_Handler                         0x080004b5   Thumb Code     2  stm32g4xx_it.o(.text.BusFault_Handler)
    DebugMon_Handler                         0x080004b9   Thumb Code     2  stm32g4xx_it.o(.text.DebugMon_Handler)
    EXTI4_IRQHandler                         0x080004bd   Thumb Code    10  stm32g4xx_it.o(.text.EXTI4_IRQHandler)
    Error_Handler                            0x080004c9   Thumb Code    10  main.o(.text.Error_Handler)
    HAL_ADCEx_MultiModeConfigChannel         0x080004d5   Thumb Code   220  stm32g4xx_hal_adc_ex.o(.text.HAL_ADCEx_MultiModeConfigChannel)
    HAL_ADC_ConfigChannel                    0x080005b1   Thumb Code   850  stm32g4xx_hal_adc.o(.text.HAL_ADC_ConfigChannel)
    HAL_ADC_Init                             0x08000905   Thumb Code   478  stm32g4xx_hal_adc.o(.text.HAL_ADC_Init)
    HAL_ADC_MspInit                          0x08000ae5   Thumb Code   300  adc.o(.text.HAL_ADC_MspInit)
    HAL_DAC_ConfigChannel                    0x08000c11   Thumb Code   484  stm32g4xx_hal_dac.o(.text.HAL_DAC_ConfigChannel)
    HAL_DAC_Init                             0x08000df5   Thumb Code    40  stm32g4xx_hal_dac.o(.text.HAL_DAC_Init)
    HAL_DAC_MspInit                          0x08000e1d   Thumb Code   102  dac.o(.text.HAL_DAC_MspInit)
    HAL_DMA_Abort                            0x08000e85   Thumb Code   110  stm32g4xx_hal_dma.o(.text.HAL_DMA_Abort)
    HAL_DMA_Abort_IT                         0x08000ef5   Thumb Code   122  stm32g4xx_hal_dma.o(.text.HAL_DMA_Abort_IT)
    HAL_Delay                                0x08000f71   Thumb Code    40  stm32g4xx_hal.o(.text.HAL_Delay)
    HAL_GPIO_EXTI_Callback                   0x08000f99   Thumb Code    20  main.o(.text.HAL_GPIO_EXTI_Callback)
    HAL_GPIO_EXTI_IRQHandler                 0x08000fad   Thumb Code    26  stm32g4xx_hal_gpio.o(.text.HAL_GPIO_EXTI_IRQHandler)
    HAL_GPIO_Init                            0x08000fc9   Thumb Code   414  stm32g4xx_hal_gpio.o(.text.HAL_GPIO_Init)
    HAL_GPIO_WritePin                        0x08001169   Thumb Code    12  stm32g4xx_hal_gpio.o(.text.HAL_GPIO_WritePin)
    HAL_GetTick                              0x08001175   Thumb Code    12  stm32g4xx_hal.o(.text.HAL_GetTick)
    HAL_I2CEx_ConfigAnalogFilter             0x08001181   Thumb Code    74  stm32g4xx_hal_i2c_ex.o(.text.HAL_I2CEx_ConfigAnalogFilter)
    HAL_I2CEx_ConfigDigitalFilter            0x080011cd   Thumb Code    72  stm32g4xx_hal_i2c_ex.o(.text.HAL_I2CEx_ConfigDigitalFilter)
    HAL_I2C_Init                             0x08001215   Thumb Code   162  stm32g4xx_hal_i2c.o(.text.HAL_I2C_Init)
    HAL_I2C_MspInit                          0x080012b9   Thumb Code   198  i2c.o(.text.HAL_I2C_MspInit)
    HAL_IncTick                              0x08001381   Thumb Code    26  stm32g4xx_hal.o(.text.HAL_IncTick)
    HAL_Init                                 0x0800139d   Thumb Code    30  stm32g4xx_hal.o(.text.HAL_Init)
    HAL_InitTick                             0x080013bd   Thumb Code    86  stm32g4xx_hal.o(.text.HAL_InitTick)
    HAL_MspInit                              0x08001415   Thumb Code    56  stm32g4xx_hal_msp.o(.text.HAL_MspInit)
    HAL_NVIC_EnableIRQ                       0x0800144d   Thumb Code     8  stm32g4xx_hal_cortex.o(.text.HAL_NVIC_EnableIRQ)
    HAL_NVIC_SetPriority                     0x08001455   Thumb Code    30  stm32g4xx_hal_cortex.o(.text.HAL_NVIC_SetPriority)
    HAL_NVIC_SetPriorityGrouping             0x08001475   Thumb Code     8  stm32g4xx_hal_cortex.o(.text.HAL_NVIC_SetPriorityGrouping)
    HAL_PCDEx_ActivateLPM                    0x0800147d   Thumb Code    42  stm32g4xx_hal_pcd_ex.o(.text.HAL_PCDEx_ActivateLPM)
    HAL_PCD_Init                             0x080014a9   Thumb Code   202  stm32g4xx_hal_pcd.o(.text.HAL_PCD_Init)
    HAL_PCD_MspInit                          0x08001575   Thumb Code    88  usb.o(.text.HAL_PCD_MspInit)
    HAL_PWREx_ControlVoltageScaling          0x080015cd   Thumb Code   238  stm32g4xx_hal_pwr_ex.o(.text.HAL_PWREx_ControlVoltageScaling)
    HAL_PWREx_DisableUCPDDeadBattery         0x080016bd   Thumb Code    18  stm32g4xx_hal_pwr_ex.o(.text.HAL_PWREx_DisableUCPDDeadBattery)
    HAL_PWREx_EnterSTOP0Mode                 0x080016d1   Thumb Code    54  stm32g4xx_hal_pwr_ex.o(.text.HAL_PWREx_EnterSTOP0Mode)
    HAL_PWREx_EnterSTOP1Mode                 0x08001709   Thumb Code    60  stm32g4xx_hal_pwr_ex.o(.text.HAL_PWREx_EnterSTOP1Mode)
    HAL_PWR_EnterSTOPMode                    0x08001745   Thumb Code    22  stm32g4xx_hal_pwr.o(.text.HAL_PWR_EnterSTOPMode)
    HAL_RCCEx_PeriphCLKConfig                0x0800175d   Thumb Code   658  stm32g4xx_hal_rcc_ex.o(.text.HAL_RCCEx_PeriphCLKConfig)
    HAL_RCC_ClockConfig                      0x080019f1   Thumb Code   518  stm32g4xx_hal_rcc.o(.text.HAL_RCC_ClockConfig)
    HAL_RCC_GetHCLKFreq                      0x08001bf9   Thumb Code    12  stm32g4xx_hal_rcc.o(.text.HAL_RCC_GetHCLKFreq)
    HAL_RCC_GetPCLK1Freq                     0x08001c05   Thumb Code    38  stm32g4xx_hal_rcc.o(.text.HAL_RCC_GetPCLK1Freq)
    HAL_RCC_GetPCLK2Freq                     0x08001c2d   Thumb Code    38  stm32g4xx_hal_rcc.o(.text.HAL_RCC_GetPCLK2Freq)
    HAL_RCC_GetSysClockFreq                  0x08001c55   Thumb Code   122  stm32g4xx_hal_rcc.o(.text.HAL_RCC_GetSysClockFreq)
    HAL_RCC_OscConfig                        0x08001cd1   Thumb Code  1148  stm32g4xx_hal_rcc.o(.text.HAL_RCC_OscConfig)
    HAL_RNG_ErrorCallback                    0x0800214d   Thumb Code     2  stm32g4xx_hal_rng.o(.text.HAL_RNG_ErrorCallback)
    HAL_RNG_GenerateRandomNumber             0x08002151   Thumb Code   110  stm32g4xx_hal_rng.o(.text.HAL_RNG_GenerateRandomNumber)
    HAL_RNG_IRQHandler                       0x080021c1   Thumb Code    88  stm32g4xx_hal_rng.o(.text.HAL_RNG_IRQHandler)
    HAL_RNG_Init                             0x08002219   Thumb Code    62  stm32g4xx_hal_rng.o(.text.HAL_RNG_Init)
    HAL_RNG_MspInit                          0x08002259   Thumb Code   104  rng.o(.text.HAL_RNG_MspInit)
    HAL_RNG_ReadyDataCallback                0x080022c1   Thumb Code     2  stm32g4xx_hal_rng.o(.text.HAL_RNG_ReadyDataCallback)
    HAL_ResumeTick                           0x080022c5   Thumb Code    18  stm32g4xx_hal.o(.text.HAL_ResumeTick)
    HAL_SPI_Init                             0x080022d9   Thumb Code   226  stm32g4xx_hal_spi.o(.text.HAL_SPI_Init)
    HAL_SPI_MspInit                          0x080023bd   Thumb Code   114  spi.o(.text.HAL_SPI_MspInit)
    HAL_SYSTICK_Config                       0x08002431   Thumb Code     8  stm32g4xx_hal_cortex.o(.text.HAL_SYSTICK_Config)
    HAL_SuspendTick                          0x08002439   Thumb Code    18  stm32g4xx_hal.o(.text.HAL_SuspendTick)
    HAL_TIMEx_ConfigBreakDeadTime            0x0800244d   Thumb Code   198  stm32g4xx_hal_tim_ex.o(.text.HAL_TIMEx_ConfigBreakDeadTime)
    HAL_TIMEx_MasterConfigSynchronization    0x08002515   Thumb Code   168  stm32g4xx_hal_tim_ex.o(.text.HAL_TIMEx_MasterConfigSynchronization)
    HAL_TIM_Base_Init                        0x080025bd   Thumb Code    98  stm32g4xx_hal_tim.o(.text.HAL_TIM_Base_Init)
    HAL_TIM_Base_MspInit                     0x08002621   Thumb Code    88  tim.o(.text.HAL_TIM_Base_MspInit)
    HAL_TIM_ConfigClockSource                0x08002679   Thumb Code   276  stm32g4xx_hal_tim.o(.text.HAL_TIM_ConfigClockSource)
    HAL_TIM_MspPostInit                      0x0800278d   Thumb Code   294  tim.o(.text.HAL_TIM_MspPostInit)
    HAL_TIM_PWM_ConfigChannel                0x080028b5   Thumb Code   186  stm32g4xx_hal_tim.o(.text.HAL_TIM_PWM_ConfigChannel)
    HAL_TIM_PWM_Init                         0x08002971   Thumb Code    98  stm32g4xx_hal_tim.o(.text.HAL_TIM_PWM_Init)
    HAL_TIM_PWM_MspInit                      0x080029d5   Thumb Code     2  stm32g4xx_hal_tim.o(.text.HAL_TIM_PWM_MspInit)
    HAL_UARTEx_DisableFifoMode               0x080029d9   Thumb Code    54  stm32g4xx_hal_uart_ex.o(.text.HAL_UARTEx_DisableFifoMode)
    HAL_UARTEx_RxEventCallback               0x08002a11   Thumb Code     2  stm32g4xx_hal_uart.o(.text.HAL_UARTEx_RxEventCallback)
    HAL_UARTEx_RxFifoFullCallback            0x08002a15   Thumb Code     2  stm32g4xx_hal_uart_ex.o(.text.HAL_UARTEx_RxFifoFullCallback)
    HAL_UARTEx_SetRxFifoThreshold            0x08002a19   Thumb Code    74  stm32g4xx_hal_uart_ex.o(.text.HAL_UARTEx_SetRxFifoThreshold)
    HAL_UARTEx_SetTxFifoThreshold            0x08002a65   Thumb Code    74  stm32g4xx_hal_uart_ex.o(.text.HAL_UARTEx_SetTxFifoThreshold)
    HAL_UARTEx_TxFifoEmptyCallback           0x08002ab1   Thumb Code     2  stm32g4xx_hal_uart_ex.o(.text.HAL_UARTEx_TxFifoEmptyCallback)
    HAL_UARTEx_WakeupCallback                0x08002ab5   Thumb Code     2  stm32g4xx_hal_uart_ex.o(.text.HAL_UARTEx_WakeupCallback)
    HAL_UART_ErrorCallback                   0x08002ab9   Thumb Code     2  stm32g4xx_hal_uart.o(.text.HAL_UART_ErrorCallback)
    HAL_UART_IRQHandler                      0x08002abd   Thumb Code   760  stm32g4xx_hal_uart.o(.text.HAL_UART_IRQHandler)
    HAL_UART_Init                            0x08002db5   Thumb Code    98  stm32g4xx_hal_uart.o(.text.HAL_UART_Init)
    HAL_UART_MspInit                         0x08002e19   Thumb Code   320  usart.o(.text.HAL_UART_MspInit)
    HAL_UART_Transmit                        0x08002f59   Thumb Code   218  stm32g4xx_hal_uart.o(.text.HAL_UART_Transmit)
    HAL_UART_TxCpltCallback                  0x08003035   Thumb Code     2  stm32g4xx_hal_uart.o(.text.HAL_UART_TxCpltCallback)
    HardFault_Handler                        0x08003039   Thumb Code     2  stm32g4xx_it.o(.text.HardFault_Handler)
    LL_GPIO_Init                             0x080031e9   Thumb Code   136  stm32g4xx_ll_gpio.o(.text.LL_GPIO_Init)
    MX_ADC1_Init                             0x08003321   Thumb Code   170  adc.o(.text.MX_ADC1_Init)
    MX_ADC2_Init                             0x080033cd   Thumb Code   140  adc.o(.text.MX_ADC2_Init)
    MX_DAC1_Init                             0x08003459   Thumb Code   118  dac.o(.text.MX_DAC1_Init)
    MX_GPIO_Init                             0x080034d1   Thumb Code   182  gpio.o(.text.MX_GPIO_Init)
    MX_I2C1_Init                             0x08003589   Thumb Code   118  i2c.o(.text.MX_I2C1_Init)
    MX_RNG_Init                              0x08003601   Thumb Code    38  rng.o(.text.MX_RNG_Init)
    MX_SPI2_Init                             0x08003629   Thumb Code    74  spi.o(.text.MX_SPI2_Init)
    MX_TIM1_Init                             0x08003675   Thumb Code   328  tim.o(.text.MX_TIM1_Init)
    MX_TIM8_Init                             0x080037bd   Thumb Code   304  tim.o(.text.MX_TIM8_Init)
    MX_UCPD1_Init                            0x080038ed   Thumb Code    90  ucpd.o(.text.MX_UCPD1_Init)
    MX_USART2_UART_Init                      0x08003949   Thumb Code   126  usart.o(.text.MX_USART2_UART_Init)
    MX_USART3_UART_Init                      0x080039c9   Thumb Code   130  usart.o(.text.MX_USART3_UART_Init)
    MX_USB_PCD_Init                          0x08003a4d   Thumb Code    52  usb.o(.text.MX_USB_PCD_Init)
    MemManage_Handler                        0x08003a81   Thumb Code     2  stm32g4xx_it.o(.text.MemManage_Handler)
    NMI_Handler                              0x08003a85   Thumb Code     2  stm32g4xx_it.o(.text.NMI_Handler)
    PendSV_Handler                           0x08003ab9   Thumb Code     2  stm32g4xx_it.o(.text.PendSV_Handler)
    RNG_IRQHandler                           0x08003b05   Thumb Code    16  stm32g4xx_it.o(.text.RNG_IRQHandler)
    SVC_Handler                              0x08003b15   Thumb Code     2  stm32g4xx_it.o(.text.SVC_Handler)
    SysTick_Handler                          0x08003b49   Thumb Code     8  stm32g4xx_it.o(.text.SysTick_Handler)
    SystemClock_Config                       0x08003b51   Thumb Code   114  main.o(.text.SystemClock_Config)
    SystemInit                               0x08003bc5   Thumb Code    18  system_stm32g4xx.o(.text.SystemInit)
    TIM_Base_SetConfig                       0x08003bd9   Thumb Code   254  stm32g4xx_hal_tim.o(.text.TIM_Base_SetConfig)
    TIM_ETR_SetConfig                        0x08003cd9   Thumb Code    22  stm32g4xx_hal_tim.o(.text.TIM_ETR_SetConfig)
    TIM_OC2_SetConfig                        0x08003d89   Thumb Code   144  stm32g4xx_hal_tim.o(.text.TIM_OC2_SetConfig)
    UART_AdvFeatureConfig                    0x08004095   Thumb Code   230  stm32g4xx_hal_uart.o(.text.UART_AdvFeatureConfig)
    UART_CheckIdleState                      0x0800417d   Thumb Code   110  stm32g4xx_hal_uart.o(.text.UART_CheckIdleState)
    UART_SetConfig                           0x08004285   Thumb Code   676  stm32g4xx_hal_uart.o(.text.UART_SetConfig)
    UART_WaitOnFlagUntilTimeout              0x08004549   Thumb Code   236  stm32g4xx_hal_uart.o(.text.UART_WaitOnFlagUntilTimeout)
    UCPD1_IRQHandler                         0x08004635   Thumb Code     2  stm32g4xx_it.o(.text.UCPD1_IRQHandler)
    USART3_IRQHandler                        0x08004639   Thumb Code    16  stm32g4xx_it.o(.text.USART3_IRQHandler)
    USB_DevInit                              0x08004649   Thumb Code    26  stm32g4xx_ll_usb.o(.text.USB_DevInit)
    USB_DisableGlobalInt                     0x08004665   Thumb Code    20  stm32g4xx_ll_usb.o(.text.USB_DisableGlobalInt)
    UsageFault_Handler                       0x08004679   Thumb Code     2  stm32g4xx_it.o(.text.UsageFault_Handler)
    eu_mod                                   0x08004721   Thumb Code    32  main.o(.text.eu_mod)
    interpret_num                            0x08004741   Thumb Code    88  main.o(.text.interpret_num)
    ipow                                     0x08004799   Thumb Code    48  main.o(.text.ipow)
    main                                     0x080047c9   Thumb Code   300  main.o(.text.main)
    mod                                      0x080048f5   Thumb Code    12  main.o(.text.mod)
    ring_buf_get_empty_slots                 0x08004901   Thumb Code    18  ring_buffer.o(.text.ring_buf_get_empty_slots)
    ring_buf_get_head                        0x08004915   Thumb Code    38  ring_buffer.o(.text.ring_buf_get_head)
    ring_buf_init                            0x0800493d   Thumb Code    42  ring_buffer.o(.text.ring_buf_init)
    ring_buff_put                            0x08004969   Thumb Code    32  ring_buffer.o(.text.ring_buff_put)
    _fp_init                                 0x08004989   Thumb Code    26  fpinit.o(x$fpl$fpinit)
    __fplib_config_fpu_vfp                   0x080049a1   Thumb Code     0  fpinit.o(x$fpl$fpinit)
    __fplib_config_pureend_doubles           0x080049a1   Thumb Code     0  fpinit.o(x$fpl$fpinit)
    AHBPrescTable                            0x080049a2   Data          16  system_stm32g4xx.o(.rodata.AHBPrescTable)
    APBPrescTable                            0x080049b2   Data           8  system_stm32g4xx.o(.rodata.APBPrescTable)
    UARTPrescTable                           0x080049ba   Data          24  stm32g4xx_hal_uart.o(.rodata.UARTPrescTable)
    Region$$Table$$Base                      0x080049e8   Number         0  anon$$obj.o(Region$$Table)
    Region$$Table$$Limit                     0x08004a08   Number         0  anon$$obj.o(Region$$Table)
    SystemCoreClock                          0x20000000   Data           4  system_stm32g4xx.o(.data.SystemCoreClock)
    ring_buffer                              0x20000004   Data         268  main.o(.data.ring_buffer)
    uwTickFreq                               0x20000110   Data           4  stm32g4xx_hal.o(.data.uwTickFreq)
    uwTickPrio                               0x20000114   Data           4  stm32g4xx_hal.o(.data.uwTickPrio)
    __libspace_start                         0x20000118   Data          96  libspace.o(.bss)
    __temporary_stack_top$libspace           0x20000178   Data           0  libspace.o(.bss)
    Y                                        0x2000017c   Data           1  main.o(.bss.Y)
    flag                                     0x2000017d   Data           1  main.o(.bss.flag)
    hadc1                                    0x20000180   Data         108  adc.o(.bss.hadc1)
    hadc2                                    0x200001ec   Data         108  adc.o(.bss.hadc2)
    hdac1                                    0x20000258   Data          20  dac.o(.bss.hdac1)
    hi2c1                                    0x2000026c   Data          76  i2c.o(.bss.hi2c1)
    hpcd_USB_FS                              0x200002b8   Data         756  usb.o(.bss.hpcd_USB_FS)
    hrng                                     0x200005ac   Data          20  rng.o(.bss.hrng)
    hspi2                                    0x200005c0   Data         100  spi.o(.bss.hspi2)
    htim1                                    0x20000624   Data          76  tim.o(.bss.htim1)
    htim8                                    0x20000670   Data          76  tim.o(.bss.htim8)
    huart2                                   0x200006bc   Data         144  usart.o(.bss.huart2)
    huart3                                   0x2000074c   Data         144  usart.o(.bss.huart3)
    random_num                               0x200007dc   Data           4  main.o(.bss.random_num)
    uwTick                                   0x200007e0   Data           4  stm32g4xx_hal.o(.bss.uwTick)



==============================================================================

Memory Map of the image

  Image Entry point : 0x080001d9

  Load Region LR_IROM1 (Base: 0x08000000, Size: 0x00004b20, Max: 0x00020000, ABSOLUTE)

    Execution Region ER_IROM1 (Exec base: 0x08000000, Load base: 0x08000000, Size: 0x00004a08, Max: 0x00020000, ABSOLUTE)

    Exec Addr    Load Addr    Size         Type   Attr      Idx    E Section Name        Object

    0x08000000   0x08000000   0x000001d8   Data   RO            3    RESET               startup_stm32g431xx.o
    0x080001d8   0x080001d8   0x00000008   Code   RO         2562  * !!!main             c_w.l(__main.o)
    0x080001e0   0x080001e0   0x00000034   Code   RO         2735    !!!scatter          c_w.l(__scatter.o)
    0x08000214   0x08000214   0x0000001a   Code   RO         2737    !!handler_copy      c_w.l(__scatter_copy.o)
    0x0800022e   0x0800022e   0x00000002   PAD
    0x08000230   0x08000230   0x0000001c   Code   RO         2739    !!handler_zi        c_w.l(__scatter_zi.o)
    0x0800024c   0x0800024c   0x00000002   Code   RO         2599    .ARM.Collect$$libinit$$00000000  c_w.l(libinit.o)
    0x0800024e   0x0800024e   0x00000004   Code   RO         2611    .ARM.Collect$$libinit$$00000001  c_w.l(libinit2.o)
    0x08000252   0x08000252   0x00000000   Code   RO         2614    .ARM.Collect$$libinit$$00000004  c_w.l(libinit2.o)
    0x08000252   0x08000252   0x00000000   Code   RO         2617    .ARM.Collect$$libinit$$0000000A  c_w.l(libinit2.o)
    0x08000252   0x08000252   0x00000000   Code   RO         2619    .ARM.Collect$$libinit$$0000000C  c_w.l(libinit2.o)
    0x08000252   0x08000252   0x00000000   Code   RO         2621    .ARM.Collect$$libinit$$0000000E  c_w.l(libinit2.o)
    0x08000252   0x08000252   0x00000000   Code   RO         2624    .ARM.Collect$$libinit$$00000011  c_w.l(libinit2.o)
    0x08000252   0x08000252   0x00000000   Code   RO         2626    .ARM.Collect$$libinit$$00000013  c_w.l(libinit2.o)
    0x08000252   0x08000252   0x00000000   Code   RO         2628    .ARM.Collect$$libinit$$00000015  c_w.l(libinit2.o)
    0x08000252   0x08000252   0x00000000   Code   RO         2630    .ARM.Collect$$libinit$$00000017  c_w.l(libinit2.o)
    0x08000252   0x08000252   0x00000000   Code   RO         2632    .ARM.Collect$$libinit$$00000019  c_w.l(libinit2.o)
    0x08000252   0x08000252   0x00000000   Code   RO         2634    .ARM.Collect$$libinit$$0000001B  c_w.l(libinit2.o)
    0x08000252   0x08000252   0x00000000   Code   RO         2636    .ARM.Collect$$libinit$$0000001D  c_w.l(libinit2.o)
    0x08000252   0x08000252   0x00000000   Code   RO         2638    .ARM.Collect$$libinit$$0000001F  c_w.l(libinit2.o)
    0x08000252   0x08000252   0x00000000   Code   RO         2640    .ARM.Collect$$libinit$$00000021  c_w.l(libinit2.o)
    0x08000252   0x08000252   0x00000000   Code   RO         2642    .ARM.Collect$$libinit$$00000023  c_w.l(libinit2.o)
    0x08000252   0x08000252   0x00000000   Code   RO         2644    .ARM.Collect$$libinit$$00000025  c_w.l(libinit2.o)
    0x08000252   0x08000252   0x00000000   Code   RO         2648    .ARM.Collect$$libinit$$0000002C  c_w.l(libinit2.o)
    0x08000252   0x08000252   0x00000000   Code   RO         2650    .ARM.Collect$$libinit$$0000002E  c_w.l(libinit2.o)
    0x08000252   0x08000252   0x00000000   Code   RO         2652    .ARM.Collect$$libinit$$00000030  c_w.l(libinit2.o)
    0x08000252   0x08000252   0x00000000   Code   RO         2654    .ARM.Collect$$libinit$$00000032  c_w.l(libinit2.o)
    0x08000252   0x08000252   0x00000002   Code   RO         2655    .ARM.Collect$$libinit$$00000033  c_w.l(libinit2.o)
    0x08000254   0x08000254   0x00000002   Code   RO         2690    .ARM.Collect$$libshutdown$$00000000  c_w.l(libshutdown.o)
    0x08000256   0x08000256   0x00000000   Code   RO         2718    .ARM.Collect$$libshutdown$$00000002  c_w.l(libshutdown2.o)
    0x08000256   0x08000256   0x00000000   Code   RO         2720    .ARM.Collect$$libshutdown$$00000004  c_w.l(libshutdown2.o)
    0x08000256   0x08000256   0x00000000   Code   RO         2723    .ARM.Collect$$libshutdown$$00000007  c_w.l(libshutdown2.o)
    0x08000256   0x08000256   0x00000000   Code   RO         2726    .ARM.Collect$$libshutdown$$0000000A  c_w.l(libshutdown2.o)
    0x08000256   0x08000256   0x00000000   Code   RO         2728    .ARM.Collect$$libshutdown$$0000000C  c_w.l(libshutdown2.o)
    0x08000256   0x08000256   0x00000000   Code   RO         2731    .ARM.Collect$$libshutdown$$0000000F  c_w.l(libshutdown2.o)
    0x08000256   0x08000256   0x00000002   Code   RO         2732    .ARM.Collect$$libshutdown$$00000010  c_w.l(libshutdown2.o)
    0x08000258   0x08000258   0x00000000   Code   RO         2564    .ARM.Collect$$rtentry$$00000000  c_w.l(__rtentry.o)
    0x08000258   0x08000258   0x00000000   Code   RO         2570    .ARM.Collect$$rtentry$$00000002  c_w.l(__rtentry2.o)
    0x08000258   0x08000258   0x00000006   Code   RO         2582    .ARM.Collect$$rtentry$$00000004  c_w.l(__rtentry4.o)
    0x0800025e   0x0800025e   0x00000000   Code   RO         2572    .ARM.Collect$$rtentry$$00000009  c_w.l(__rtentry2.o)
    0x0800025e   0x0800025e   0x00000004   Code   RO         2573    .ARM.Collect$$rtentry$$0000000A  c_w.l(__rtentry2.o)
    0x08000262   0x08000262   0x00000000   Code   RO         2575    .ARM.Collect$$rtentry$$0000000C  c_w.l(__rtentry2.o)
    0x08000262   0x08000262   0x00000008   Code   RO         2576    .ARM.Collect$$rtentry$$0000000D  c_w.l(__rtentry2.o)
    0x0800026a   0x0800026a   0x00000002   Code   RO         2603    .ARM.Collect$$rtexit$$00000000  c_w.l(rtexit.o)
    0x0800026c   0x0800026c   0x00000000   Code   RO         2661    .ARM.Collect$$rtexit$$00000002  c_w.l(rtexit2.o)
    0x0800026c   0x0800026c   0x00000004   Code   RO         2662    .ARM.Collect$$rtexit$$00000003  c_w.l(rtexit2.o)
    0x08000270   0x08000270   0x00000006   Code   RO         2663    .ARM.Collect$$rtexit$$00000004  c_w.l(rtexit2.o)
    0x08000276   0x08000276   0x00000002   PAD
    0x08000278   0x08000278   0x00000040   Code   RO            4    .text               startup_stm32g431xx.o
    0x080002b8   0x080002b8   0x000000f0   Code   RO         2554    .text               c_w.l(lludivv7m.o)
    0x080003a8   0x080003a8   0x00000044   Code   RO         2556    .text               c_w.l(rt_memclr.o)
    0x080003ec   0x080003ec   0x0000004e   Code   RO         2558    .text               c_w.l(rt_memclr_w.o)
    0x0800043a   0x0800043a   0x00000006   Code   RO         2560    .text               c_w.l(heapauxi.o)
    0x08000440   0x08000440   0x0000004a   Code   RO         2586    .text               c_w.l(sys_stackheap_outer.o)
    0x0800048a   0x0800048a   0x00000012   Code   RO         2588    .text               c_w.l(exit.o)
    0x0800049c   0x0800049c   0x00000008   Code   RO         2600    .text               c_w.l(libspace.o)
    0x080004a4   0x080004a4   0x0000000c   Code   RO         2656    .text               c_w.l(sys_exit.o)
    0x080004b0   0x080004b0   0x00000002   Code   RO         2679    .text               c_w.l(use_no_semi.o)
    0x080004b2   0x080004b2   0x00000000   Code   RO         2681    .text               c_w.l(indicate_semi.o)
    0x080004b2   0x080004b2   0x00000002   PAD
    0x080004b4   0x080004b4   0x00000002   Code   RO          212    .text.BusFault_Handler  stm32g4xx_it.o
    0x080004b6   0x080004b6   0x00000002   PAD
    0x080004b8   0x080004b8   0x00000002   Code   RO          218    .text.DebugMon_Handler  stm32g4xx_it.o
    0x080004ba   0x080004ba   0x00000002   PAD
    0x080004bc   0x080004bc   0x0000000a   Code   RO          224    .text.EXTI4_IRQHandler  stm32g4xx_it.o
    0x080004c6   0x080004c6   0x00000002   PAD
    0x080004c8   0x080004c8   0x0000000a   Code   RO           17    .text.Error_Handler  main.o
    0x080004d2   0x080004d2   0x00000002   PAD
    0x080004d4   0x080004d4   0x000000dc   Code   RO          595    .text.HAL_ADCEx_MultiModeConfigChannel  stm32g4xx_hal_adc_ex.o
    0x080005b0   0x080005b0   0x00000352   Code   RO          435    .text.HAL_ADC_ConfigChannel  stm32g4xx_hal_adc.o
    0x08000902   0x08000902   0x00000002   PAD
    0x08000904   0x08000904   0x000001de   Code   RO          357    .text.HAL_ADC_Init  stm32g4xx_hal_adc.o
    0x08000ae2   0x08000ae2   0x00000002   PAD
    0x08000ae4   0x08000ae4   0x0000012c   Code   RO           56    .text.HAL_ADC_MspInit  adc.o
    0x08000c10   0x08000c10   0x000001e4   Code   RO         1280    .text.HAL_DAC_ConfigChannel  stm32g4xx_hal_dac.o
    0x08000df4   0x08000df4   0x00000028   Code   RO         1244    .text.HAL_DAC_Init  stm32g4xx_hal_dac.o
    0x08000e1c   0x08000e1c   0x00000066   Code   RO           73    .text.HAL_DAC_MspInit  dac.o
    0x08000e82   0x08000e82   0x00000002   PAD
    0x08000e84   0x08000e84   0x0000006e   Code   RO         1008    .text.HAL_DMA_Abort  stm32g4xx_hal_dma.o
    0x08000ef2   0x08000ef2   0x00000002   PAD
    0x08000ef4   0x08000ef4   0x0000007a   Code   RO         1010    .text.HAL_DMA_Abort_IT  stm32g4xx_hal_dma.o
    0x08000f6e   0x08000f6e   0x00000002   PAD
    0x08000f70   0x08000f70   0x00000028   Code   RO          697    .text.HAL_Delay     stm32g4xx_hal.o
    0x08000f98   0x08000f98   0x00000014   Code   RO           19    .text.HAL_GPIO_EXTI_Callback  main.o
    0x08000fac   0x08000fac   0x0000001a   Code   RO          956    .text.HAL_GPIO_EXTI_IRQHandler  stm32g4xx_hal_gpio.o
    0x08000fc6   0x08000fc6   0x00000002   PAD
    0x08000fc8   0x08000fc8   0x0000019e   Code   RO          944    .text.HAL_GPIO_Init  stm32g4xx_hal_gpio.o
    0x08001166   0x08001166   0x00000002   PAD
    0x08001168   0x08001168   0x0000000c   Code   RO          950    .text.HAL_GPIO_WritePin  stm32g4xx_hal_gpio.o
    0x08001174   0x08001174   0x0000000c   Code   RO          689    .text.HAL_GetTick   stm32g4xx_hal.o
    0x08001180   0x08001180   0x0000004a   Code   RO         1510    .text.HAL_I2CEx_ConfigAnalogFilter  stm32g4xx_hal_i2c_ex.o
    0x080011ca   0x080011ca   0x00000002   PAD
    0x080011cc   0x080011cc   0x00000048   Code   RO         1512    .text.HAL_I2CEx_ConfigDigitalFilter  stm32g4xx_hal_i2c_ex.o
    0x08001214   0x08001214   0x000000a2   Code   RO         1344    .text.HAL_I2C_Init  stm32g4xx_hal_i2c.o
    0x080012b6   0x080012b6   0x00000002   PAD
    0x080012b8   0x080012b8   0x000000c6   Code   RO           88    .text.HAL_I2C_MspInit  i2c.o
    0x0800137e   0x0800137e   0x00000002   PAD
    0x08001380   0x08001380   0x0000001a   Code   RO          687    .text.HAL_IncTick   stm32g4xx_hal.o
    0x0800139a   0x0800139a   0x00000002   PAD
    0x0800139c   0x0800139c   0x0000001e   Code   RO          677    .text.HAL_Init      stm32g4xx_hal.o
    0x080013ba   0x080013ba   0x00000002   PAD
    0x080013bc   0x080013bc   0x00000056   Code   RO          679    .text.HAL_InitTick  stm32g4xx_hal.o
    0x08001412   0x08001412   0x00000002   PAD
    0x08001414   0x08001414   0x00000038   Code   RO          239    .text.HAL_MspInit   stm32g4xx_hal_msp.o
    0x0800144c   0x0800144c   0x00000008   Code   RO         1184    .text.HAL_NVIC_EnableIRQ  stm32g4xx_hal_cortex.o
    0x08001454   0x08001454   0x0000001e   Code   RO         1176    .text.HAL_NVIC_SetPriority  stm32g4xx_hal_cortex.o
    0x08001472   0x08001472   0x00000002   PAD
    0x08001474   0x08001474   0x00000008   Code   RO         1172    .text.HAL_NVIC_SetPriorityGrouping  stm32g4xx_hal_cortex.o
    0x0800147c   0x0800147c   0x0000002a   Code   RO         2462    .text.HAL_PCDEx_ActivateLPM  stm32g4xx_hal_pcd_ex.o
    0x080014a6   0x080014a6   0x00000002   PAD
    0x080014a8   0x080014a8   0x000000ca   Code   RO         2374    .text.HAL_PCD_Init  stm32g4xx_hal_pcd.o
    0x08001572   0x08001572   0x00000002   PAD
    0x08001574   0x08001574   0x00000058   Code   RO          193    .text.HAL_PCD_MspInit  usb.o
    0x080015cc   0x080015cc   0x000000ee   Code   RO         1092    .text.HAL_PWREx_ControlVoltageScaling  stm32g4xx_hal_pwr_ex.o
    0x080016ba   0x080016ba   0x00000002   PAD
    0x080016bc   0x080016bc   0x00000012   Code   RO         1162    .text.HAL_PWREx_DisableUCPDDeadBattery  stm32g4xx_hal_pwr_ex.o
    0x080016ce   0x080016ce   0x00000002   PAD
    0x080016d0   0x080016d0   0x00000036   Code   RO         1140    .text.HAL_PWREx_EnterSTOP0Mode  stm32g4xx_hal_pwr_ex.o
    0x08001706   0x08001706   0x00000002   PAD
    0x08001708   0x08001708   0x0000003c   Code   RO         1142    .text.HAL_PWREx_EnterSTOP1Mode  stm32g4xx_hal_pwr_ex.o
    0x08001744   0x08001744   0x00000016   Code   RO         1068    .text.HAL_PWR_EnterSTOPMode  stm32g4xx_hal_pwr.o
    0x0800175a   0x0800175a   0x00000002   PAD
    0x0800175c   0x0800175c   0x00000292   Code   RO          798    .text.HAL_RCCEx_PeriphCLKConfig  stm32g4xx_hal_rcc_ex.o
    0x080019ee   0x080019ee   0x00000002   PAD
    0x080019f0   0x080019f0   0x00000206   Code   RO          762    .text.HAL_RCC_ClockConfig  stm32g4xx_hal_rcc.o
    0x08001bf6   0x08001bf6   0x00000002   PAD
    0x08001bf8   0x08001bf8   0x0000000c   Code   RO          770    .text.HAL_RCC_GetHCLKFreq  stm32g4xx_hal_rcc.o
    0x08001c04   0x08001c04   0x00000026   Code   RO          772    .text.HAL_RCC_GetPCLK1Freq  stm32g4xx_hal_rcc.o
    0x08001c2a   0x08001c2a   0x00000002   PAD
    0x08001c2c   0x08001c2c   0x00000026   Code   RO          774    .text.HAL_RCC_GetPCLK2Freq  stm32g4xx_hal_rcc.o
    0x08001c52   0x08001c52   0x00000002   PAD
    0x08001c54   0x08001c54   0x0000007a   Code   RO          766    .text.HAL_RCC_GetSysClockFreq  stm32g4xx_hal_rcc.o
    0x08001cce   0x08001cce   0x00000002   PAD
    0x08001cd0   0x08001cd0   0x0000047c   Code   RO          760    .text.HAL_RCC_OscConfig  stm32g4xx_hal_rcc.o
    0x0800214c   0x0800214c   0x00000002   Code   RO         1544    .text.HAL_RNG_ErrorCallback  stm32g4xx_hal_rng.o
    0x0800214e   0x0800214e   0x00000002   PAD
    0x08002150   0x08002150   0x0000006e   Code   RO         1538    .text.HAL_RNG_GenerateRandomNumber  stm32g4xx_hal_rng.o
    0x080021be   0x080021be   0x00000002   PAD
    0x080021c0   0x080021c0   0x00000058   Code   RO         1542    .text.HAL_RNG_IRQHandler  stm32g4xx_hal_rng.o
    0x08002218   0x08002218   0x0000003e   Code   RO         1530    .text.HAL_RNG_Init  stm32g4xx_hal_rng.o
    0x08002256   0x08002256   0x00000002   PAD
    0x08002258   0x08002258   0x00000068   Code   RO          103    .text.HAL_RNG_MspInit  rng.o
    0x080022c0   0x080022c0   0x00000002   Code   RO         1546    .text.HAL_RNG_ReadyDataCallback  stm32g4xx_hal_rng.o
    0x080022c2   0x080022c2   0x00000002   PAD
    0x080022c4   0x080022c4   0x00000012   Code   RO          701    .text.HAL_ResumeTick  stm32g4xx_hal.o
    0x080022d6   0x080022d6   0x00000002   PAD
    0x080022d8   0x080022d8   0x000000e2   Code   RO         1562    .text.HAL_SPI_Init  stm32g4xx_hal_spi.o
    0x080023ba   0x080023ba   0x00000002   PAD
    0x080023bc   0x080023bc   0x00000072   Code   RO          118    .text.HAL_SPI_MspInit  spi.o
    0x0800242e   0x0800242e   0x00000002   PAD
    0x08002430   0x08002430   0x00000008   Code   RO         1196    .text.HAL_SYSTICK_Config  stm32g4xx_hal_cortex.o
    0x08002438   0x08002438   0x00000012   Code   RO          699    .text.HAL_SuspendTick  stm32g4xx_hal.o
    0x0800244a   0x0800244a   0x00000002   PAD
    0x0800244c   0x0800244c   0x000000c6   Code   RO         2011    .text.HAL_TIMEx_ConfigBreakDeadTime  stm32g4xx_hal_tim_ex.o
    0x08002512   0x08002512   0x00000002   PAD
    0x08002514   0x08002514   0x000000a8   Code   RO         2009    .text.HAL_TIMEx_MasterConfigSynchronization  stm32g4xx_hal_tim_ex.o
    0x080025bc   0x080025bc   0x00000062   Code   RO         1691    .text.HAL_TIM_Base_Init  stm32g4xx_hal_tim.o
    0x0800261e   0x0800261e   0x00000002   PAD
    0x08002620   0x08002620   0x00000058   Code   RO          137    .text.HAL_TIM_Base_MspInit  tim.o
    0x08002678   0x08002678   0x00000114   Code   RO         1887    .text.HAL_TIM_ConfigClockSource  stm32g4xx_hal_tim.o
    0x0800278c   0x0800278c   0x00000126   Code   RO          133    .text.HAL_TIM_MspPostInit  tim.o
    0x080028b2   0x080028b2   0x00000002   PAD
    0x080028b4   0x080028b4   0x000000ba   Code   RO         1861    .text.HAL_TIM_PWM_ConfigChannel  stm32g4xx_hal_tim.o
    0x0800296e   0x0800296e   0x00000002   PAD
    0x08002970   0x08002970   0x00000062   Code   RO         1745    .text.HAL_TIM_PWM_Init  stm32g4xx_hal_tim.o
    0x080029d2   0x080029d2   0x00000002   PAD
    0x080029d4   0x080029d4   0x00000002   Code   RO         1747    .text.HAL_TIM_PWM_MspInit  stm32g4xx_hal_tim.o
    0x080029d6   0x080029d6   0x00000002   PAD
    0x080029d8   0x080029d8   0x00000036   Code   RO         2353    .text.HAL_UARTEx_DisableFifoMode  stm32g4xx_hal_uart_ex.o
    0x08002a0e   0x08002a0e   0x00000002   PAD
    0x08002a10   0x08002a10   0x00000002   Code   RO         2276    .text.HAL_UARTEx_RxEventCallback  stm32g4xx_hal_uart.o
    0x08002a12   0x08002a12   0x00000002   PAD
    0x08002a14   0x08002a14   0x00000002   Code   RO         2335    .text.HAL_UARTEx_RxFifoFullCallback  stm32g4xx_hal_uart_ex.o
    0x08002a16   0x08002a16   0x00000002   PAD
    0x08002a18   0x08002a18   0x0000004a   Code   RO         2357    .text.HAL_UARTEx_SetRxFifoThreshold  stm32g4xx_hal_uart_ex.o
    0x08002a62   0x08002a62   0x00000002   PAD
    0x08002a64   0x08002a64   0x0000004a   Code   RO         2355    .text.HAL_UARTEx_SetTxFifoThreshold  stm32g4xx_hal_uart_ex.o
    0x08002aae   0x08002aae   0x00000002   PAD
    0x08002ab0   0x08002ab0   0x00000002   Code   RO         2337    .text.HAL_UARTEx_TxFifoEmptyCallback  stm32g4xx_hal_uart_ex.o
    0x08002ab2   0x08002ab2   0x00000002   PAD
    0x08002ab4   0x08002ab4   0x00000002   Code   RO         2333    .text.HAL_UARTEx_WakeupCallback  stm32g4xx_hal_uart_ex.o
    0x08002ab6   0x08002ab6   0x00000002   PAD
    0x08002ab8   0x08002ab8   0x00000002   Code   RO         2274    .text.HAL_UART_ErrorCallback  stm32g4xx_hal_uart.o
    0x08002aba   0x08002aba   0x00000002   PAD
    0x08002abc   0x08002abc   0x000002f8   Code   RO         2270    .text.HAL_UART_IRQHandler  stm32g4xx_hal_uart.o
    0x08002db4   0x08002db4   0x00000062   Code   RO         2182    .text.HAL_UART_Init  stm32g4xx_hal_uart.o
    0x08002e16   0x08002e16   0x00000002   PAD
    0x08002e18   0x08002e18   0x00000140   Code   RO          177    .text.HAL_UART_MspInit  usart.o
    0x08002f58   0x08002f58   0x000000da   Code   RO         2202    .text.HAL_UART_Transmit  stm32g4xx_hal_uart.o
    0x08003032   0x08003032   0x00000002   PAD
    0x08003034   0x08003034   0x00000002   Code   RO         2280    .text.HAL_UART_TxCpltCallback  stm32g4xx_hal_uart.o
    0x08003036   0x08003036   0x00000002   PAD
    0x08003038   0x08003038   0x00000002   Code   RO          208    .text.HardFault_Handler  stm32g4xx_it.o
    0x0800303a   0x0800303a   0x00000002   PAD
    0x0800303c   0x0800303c   0x00000010   Code   RO          363    .text.LL_ADC_DisableDeepPowerDown  stm32g4xx_hal_adc.o
    0x0800304c   0x0800304c   0x00000014   Code   RO          367    .text.LL_ADC_EnableInternalRegulator  stm32g4xx_hal_adc.o
    0x08003060   0x08003060   0x00000010   Code   RO          455    .text.LL_ADC_GetCommonPathInternalCh  stm32g4xx_hal_adc.o
    0x08003070   0x08003070   0x0000000c   Code   RO          449    .text.LL_ADC_GetOffsetChannel  stm32g4xx_hal_adc.o
    0x0800307c   0x0800307c   0x00000008   Code   RO          375    .text.LL_ADC_INJ_IsConversionOngoing  stm32g4xx_hal_adc.o
    0x08003084   0x08003084   0x00000008   Code   RO          361    .text.LL_ADC_IsDeepPowerDownEnabled  stm32g4xx_hal_adc.o
    0x0800308c   0x0800308c   0x00000008   Code   RO          371    .text.LL_ADC_IsEnabled  stm32g4xx_hal_adc.o
    0x08003094   0x08003094   0x00000008   Code   RO          521    .text.LL_ADC_IsEnabled  stm32g4xx_hal_adc_ex.o
    0x0800309c   0x0800309c   0x00000008   Code   RO          365    .text.LL_ADC_IsInternalRegulatorEnabled  stm32g4xx_hal_adc.o
    0x080030a4   0x080030a4   0x00000008   Code   RO          369    .text.LL_ADC_REG_IsConversionOngoing  stm32g4xx_hal_adc.o
    0x080030ac   0x080030ac   0x00000008   Code   RO          517    .text.LL_ADC_REG_IsConversionOngoing  stm32g4xx_hal_adc_ex.o
    0x080030b4   0x080030b4   0x00000026   Code   RO          437    .text.LL_ADC_REG_SetSequencerRanks  stm32g4xx_hal_adc.o
    0x080030da   0x080030da   0x00000002   PAD
    0x080030dc   0x080030dc   0x00000022   Code   RO          439    .text.LL_ADC_SetChannelSamplingTime  stm32g4xx_hal_adc.o
    0x080030fe   0x080030fe   0x00000002   PAD
    0x08003100   0x08003100   0x0000001e   Code   RO          453    .text.LL_ADC_SetChannelSingleDiff  stm32g4xx_hal_adc.o
    0x0800311e   0x0800311e   0x00000002   PAD
    0x08003120   0x08003120   0x00000014   Code   RO          373    .text.LL_ADC_SetCommonClock  stm32g4xx_hal_adc.o
    0x08003134   0x08003134   0x00000014   Code   RO          457    .text.LL_ADC_SetCommonPathInternalCh  stm32g4xx_hal_adc.o
    0x08003148   0x08003148   0x00000024   Code   RO          443    .text.LL_ADC_SetOffset  stm32g4xx_hal_adc.o
    0x0800316c   0x0800316c   0x00000010   Code   RO          447    .text.LL_ADC_SetOffsetSaturation  stm32g4xx_hal_adc.o
    0x0800317c   0x0800317c   0x00000010   Code   RO          445    .text.LL_ADC_SetOffsetSign  stm32g4xx_hal_adc.o
    0x0800318c   0x0800318c   0x0000000e   Code   RO          451    .text.LL_ADC_SetOffsetState  stm32g4xx_hal_adc.o
    0x0800319a   0x0800319a   0x00000002   PAD
    0x0800319c   0x0800319c   0x0000000c   Code   RO          441    .text.LL_ADC_SetSamplingTimeCommonConfig  stm32g4xx_hal_adc.o
    0x080031a8   0x080031a8   0x00000020   Code   RO          155    .text.LL_AHB2_GRP1_EnableClock  ucpd.o
    0x080031c8   0x080031c8   0x00000020   Code   RO          153    .text.LL_APB1_GRP2_EnableClock  ucpd.o
    0x080031e8   0x080031e8   0x00000088   Code   RO         2117    .text.LL_GPIO_Init  stm32g4xx_ll_gpio.o
    0x08003270   0x08003270   0x00000020   Code   RO         2125    .text.LL_GPIO_SetAFPin_0_7  stm32g4xx_ll_gpio.o
    0x08003290   0x08003290   0x00000022   Code   RO         2127    .text.LL_GPIO_SetAFPin_8_15  stm32g4xx_ll_gpio.o
    0x080032b2   0x080032b2   0x00000002   PAD
    0x080032b4   0x080032b4   0x00000020   Code   RO         2129    .text.LL_GPIO_SetPinMode  stm32g4xx_ll_gpio.o
    0x080032d4   0x080032d4   0x0000000c   Code   RO         2121    .text.LL_GPIO_SetPinOutputType  stm32g4xx_ll_gpio.o
    0x080032e0   0x080032e0   0x00000020   Code   RO         2123    .text.LL_GPIO_SetPinPull  stm32g4xx_ll_gpio.o
    0x08003300   0x08003300   0x00000020   Code   RO         2119    .text.LL_GPIO_SetPinSpeed  stm32g4xx_ll_gpio.o
    0x08003320   0x08003320   0x000000aa   Code   RO           52    .text.MX_ADC1_Init  adc.o
    0x080033ca   0x080033ca   0x00000002   PAD
    0x080033cc   0x080033cc   0x0000008c   Code   RO           54    .text.MX_ADC2_Init  adc.o
    0x08003458   0x08003458   0x00000076   Code   RO           71    .text.MX_DAC1_Init  dac.o
    0x080034ce   0x080034ce   0x00000002   PAD
    0x080034d0   0x080034d0   0x000000b6   Code   RO           43    .text.MX_GPIO_Init  gpio.o
    0x08003586   0x08003586   0x00000002   PAD
    0x08003588   0x08003588   0x00000076   Code   RO           86    .text.MX_I2C1_Init  i2c.o
    0x080035fe   0x080035fe   0x00000002   PAD
    0x08003600   0x08003600   0x00000026   Code   RO          101    .text.MX_RNG_Init   rng.o
    0x08003626   0x08003626   0x00000002   PAD
    0x08003628   0x08003628   0x0000004a   Code   RO          116    .text.MX_SPI2_Init  spi.o
    0x08003672   0x08003672   0x00000002   PAD
    0x08003674   0x08003674   0x00000148   Code   RO          131    .text.MX_TIM1_Init  tim.o
    0x080037bc   0x080037bc   0x00000130   Code   RO          135    .text.MX_TIM8_Init  tim.o
    0x080038ec   0x080038ec   0x0000005a   Code   RO          151    .text.MX_UCPD1_Init  ucpd.o
    0x08003946   0x08003946   0x00000002   PAD
    0x08003948   0x08003948   0x0000007e   Code   RO          173    .text.MX_USART2_UART_Init  usart.o
    0x080039c6   0x080039c6   0x00000002   PAD
    0x080039c8   0x080039c8   0x00000082   Code   RO          175    .text.MX_USART3_UART_Init  usart.o
    0x08003a4a   0x08003a4a   0x00000002   PAD
    0x08003a4c   0x08003a4c   0x00000034   Code   RO          191    .text.MX_USB_PCD_Init  usb.o
    0x08003a80   0x08003a80   0x00000002   Code   RO          210    .text.MemManage_Handler  stm32g4xx_it.o
    0x08003a82   0x08003a82   0x00000002   PAD
    0x08003a84   0x08003a84   0x00000002   Code   RO          206    .text.NMI_Handler   stm32g4xx_it.o
    0x08003a86   0x08003a86   0x00000002   PAD
    0x08003a88   0x08003a88   0x00000004   Code   RO          159    .text.NVIC_EncodePriority  ucpd.o
    0x08003a8c   0x08003a8c   0x0000002c   Code   RO         1182    .text.NVIC_EncodePriority  stm32g4xx_hal_cortex.o
    0x08003ab8   0x08003ab8   0x00000002   Code   RO          220    .text.PendSV_Handler  stm32g4xx_it.o
    0x08003aba   0x08003aba   0x00000002   PAD
    0x08003abc   0x08003abc   0x00000048   Code   RO          764    .text.RCC_GetSysClockFreqFromPLLSource  stm32g4xx_hal_rcc.o
    0x08003b04   0x08003b04   0x00000010   Code   RO          230    .text.RNG_IRQHandler  stm32g4xx_it.o
    0x08003b14   0x08003b14   0x00000002   Code   RO          216    .text.SVC_Handler   stm32g4xx_it.o
    0x08003b16   0x08003b16   0x00000002   PAD
    0x08003b18   0x08003b18   0x0000002e   Code   RO         1198    .text.SysTick_Config  stm32g4xx_hal_cortex.o
    0x08003b46   0x08003b46   0x00000002   PAD
    0x08003b48   0x08003b48   0x00000008   Code   RO          222    .text.SysTick_Handler  stm32g4xx_it.o
    0x08003b50   0x08003b50   0x00000072   Code   RO           15    .text.SystemClock_Config  main.o
    0x08003bc2   0x08003bc2   0x00000002   PAD
    0x08003bc4   0x08003bc4   0x00000012   Code   RO         2522    .text.SystemInit    system_stm32g4xx.o
    0x08003bd6   0x08003bd6   0x00000002   PAD
    0x08003bd8   0x08003bd8   0x000000fe   Code   RO         1695    .text.TIM_Base_SetConfig  stm32g4xx_hal_tim.o
    0x08003cd6   0x08003cd6   0x00000002   PAD
    0x08003cd8   0x08003cd8   0x00000016   Code   RO         1885    .text.TIM_ETR_SetConfig  stm32g4xx_hal_tim.o
    0x08003cee   0x08003cee   0x00000002   PAD
    0x08003cf0   0x08003cf0   0x00000016   Code   RO         1891    .text.TIM_ITRx_SetConfig  stm32g4xx_hal_tim.o
    0x08003d06   0x08003d06   0x00000002   PAD
    0x08003d08   0x08003d08   0x0000007e   Code   RO         1839    .text.TIM_OC1_SetConfig  stm32g4xx_hal_tim.o
    0x08003d86   0x08003d86   0x00000002   PAD
    0x08003d88   0x08003d88   0x00000090   Code   RO         1841    .text.TIM_OC2_SetConfig  stm32g4xx_hal_tim.o
    0x08003e18   0x08003e18   0x00000090   Code   RO         1843    .text.TIM_OC3_SetConfig  stm32g4xx_hal_tim.o
    0x08003ea8   0x08003ea8   0x00000090   Code   RO         1845    .text.TIM_OC4_SetConfig  stm32g4xx_hal_tim.o
    0x08003f38   0x08003f38   0x0000005e   Code   RO         1847    .text.TIM_OC5_SetConfig  stm32g4xx_hal_tim.o
    0x08003f96   0x08003f96   0x00000002   PAD
    0x08003f98   0x08003f98   0x00000060   Code   RO         1849    .text.TIM_OC6_SetConfig  stm32g4xx_hal_tim.o
    0x08003ff8   0x08003ff8   0x00000022   Code   RO         1889    .text.TIM_TI1_ConfigInputStage  stm32g4xx_hal_tim.o
    0x0800401a   0x0800401a   0x00000002   PAD
    0x0800401c   0x0800401c   0x00000024   Code   RO         1893    .text.TIM_TI2_ConfigInputStage  stm32g4xx_hal_tim.o
    0x08004040   0x08004040   0x00000054   Code   RO         2351    .text.UARTEx_SetNbDataToProcess  stm32g4xx_hal_uart_ex.o
    0x08004094   0x08004094   0x000000e6   Code   RO         2188    .text.UART_AdvFeatureConfig  stm32g4xx_hal_uart.o
    0x0800417a   0x0800417a   0x00000002   PAD
    0x0800417c   0x0800417c   0x0000006e   Code   RO         2190    .text.UART_CheckIdleState  stm32g4xx_hal_uart.o
    0x080041ea   0x080041ea   0x00000002   PAD
    0x080041ec   0x080041ec   0x00000014   Code   RO         2272    .text.UART_DMAAbortOnError  stm32g4xx_hal_uart.o
    0x08004200   0x08004200   0x0000005a   Code   RO         2242    .text.UART_EndRxTransfer  stm32g4xx_hal_uart.o
    0x0800425a   0x0800425a   0x00000002   PAD
    0x0800425c   0x0800425c   0x00000028   Code   RO         2278    .text.UART_EndTransmit_IT  stm32g4xx_hal_uart.o
    0x08004284   0x08004284   0x000002c4   Code   RO         2186    .text.UART_SetConfig  stm32g4xx_hal_uart.o
    0x08004548   0x08004548   0x000000ec   Code   RO         2204    .text.UART_WaitOnFlagUntilTimeout  stm32g4xx_hal_uart.o
    0x08004634   0x08004634   0x00000002   Code   RO          228    .text.UCPD1_IRQHandler  stm32g4xx_it.o
    0x08004636   0x08004636   0x00000002   PAD
    0x08004638   0x08004638   0x00000010   Code   RO          226    .text.USART3_IRQHandler  stm32g4xx_it.o
    0x08004648   0x08004648   0x0000001a   Code   RO         2484    .text.USB_DevInit   stm32g4xx_ll_usb.o
    0x08004662   0x08004662   0x00000002   PAD
    0x08004664   0x08004664   0x00000014   Code   RO         2480    .text.USB_DisableGlobalInt  stm32g4xx_ll_usb.o
    0x08004678   0x08004678   0x00000002   Code   RO          214    .text.UsageFault_Handler  stm32g4xx_it.o
    0x0800467a   0x0800467a   0x00000002   PAD
    0x0800467c   0x0800467c   0x00000010   Code   RO          163    .text.__NVIC_EnableIRQ  ucpd.o
    0x0800468c   0x0800468c   0x00000020   Code   RO         1186    .text.__NVIC_EnableIRQ  stm32g4xx_hal_cortex.o
    0x080046ac   0x080046ac   0x00000010   Code   RO          161    .text.__NVIC_GetPriorityGrouping  ucpd.o
    0x080046bc   0x080046bc   0x00000010   Code   RO         1178    .text.__NVIC_GetPriorityGrouping  stm32g4xx_hal_cortex.o
    0x080046cc   0x080046cc   0x0000000e   Code   RO          157    .text.__NVIC_SetPriority  ucpd.o
    0x080046da   0x080046da   0x00000002   PAD
    0x080046dc   0x080046dc   0x00000022   Code   RO         1180    .text.__NVIC_SetPriority  stm32g4xx_hal_cortex.o
    0x080046fe   0x080046fe   0x00000002   PAD
    0x08004700   0x08004700   0x00000020   Code   RO         1174    .text.__NVIC_SetPriorityGrouping  stm32g4xx_hal_cortex.o
    0x08004720   0x08004720   0x00000020   Code   RO           25    .text.eu_mod        main.o
    0x08004740   0x08004740   0x00000058   Code   RO           21    .text.interpret_num  main.o
    0x08004798   0x08004798   0x00000030   Code   RO           23    .text.ipow          main.o
    0x080047c8   0x080047c8   0x0000012c   Code   RO           13    .text.main          main.o
    0x080048f4   0x080048f4   0x0000000c   Code   RO           11    .text.mod           main.o
    0x08004900   0x08004900   0x00000012   Code   RO         2539    .text.ring_buf_get_empty_slots  ring_buffer.o
    0x08004912   0x08004912   0x00000002   PAD
    0x08004914   0x08004914   0x00000026   Code   RO         2543    .text.ring_buf_get_head  ring_buffer.o
    0x0800493a   0x0800493a   0x00000002   PAD
    0x0800493c   0x0800493c   0x0000002a   Code   RO         2541    .text.ring_buf_init  ring_buffer.o
    0x08004966   0x08004966   0x00000002   PAD
    0x08004968   0x08004968   0x00000020   Code   RO         2537    .text.ring_buff_put  ring_buffer.o
    0x08004988   0x08004988   0x0000001a   Code   RO         2673    x$fpl$fpinit        fz_wm.l(fpinit.o)
    0x080049a2   0x080049a2   0x00000010   Data   RO         2527    .rodata.AHBPrescTable  system_stm32g4xx.o
    0x080049b2   0x080049b2   0x00000008   Data   RO         2528    .rodata.APBPrescTable  system_stm32g4xx.o
    0x080049ba   0x080049ba   0x00000018   Data   RO         2322    .rodata.UARTPrescTable  stm32g4xx_hal_uart.o
    0x080049d2   0x080049d2   0x00000010   Data   RO         2365    .rodata.cst8        stm32g4xx_hal_uart_ex.o
    0x080049e2   0x080049e2   0x00000006   Data   RO           31    .rodata.str1.1      main.o
    0x080049e8   0x080049e8   0x00000020   Data   RO         2734    Region$$Table       anon$$obj.o


    Execution Region RW_IRAM1 (Exec base: 0x20000000, Load base: 0x08004a08, Size: 0x00000de8, Max: 0x00008000, ABSOLUTE)

    Exec Addr    Load Addr    Size         Type   Attr      Idx    E Section Name        Object

    0x20000000   0x08004a08   0x00000004   Data   RW         2526    .data.SystemCoreClock  system_stm32g4xx.o
    0x20000004   0x08004a0c   0x0000010c   Data   RW           27    .data.ring_buffer   main.o
    0x20000110   0x08004b18   0x00000004   Data   RW          748    .data.uwTickFreq    stm32g4xx_hal.o
    0x20000114   0x08004b1c   0x00000004   Data   RW          747    .data.uwTickPrio    stm32g4xx_hal.o
    0x20000118        -       0x00000060   Zero   RW         2601    .bss                c_w.l(libspace.o)
    0x20000178        -       0x00000004   Zero   RW           62    .bss.HAL_RCC_ADC12_CLK_ENABLED  adc.o
    0x2000017c        -       0x00000001   Zero   RW           33    .bss.Y              main.o
    0x2000017d        -       0x00000001   Zero   RW           28    .bss.flag           main.o
    0x2000017e   0x08004b20   0x00000002   PAD
    0x20000180        -       0x0000006c   Zero   RW           60    .bss.hadc1          adc.o
    0x200001ec        -       0x0000006c   Zero   RW           61    .bss.hadc2          adc.o
    0x20000258        -       0x00000014   Zero   RW           77    .bss.hdac1          dac.o
    0x2000026c        -       0x0000004c   Zero   RW           92    .bss.hi2c1          i2c.o
    0x200002b8        -       0x000002f4   Zero   RW          197    .bss.hpcd_USB_FS    usb.o
    0x200005ac        -       0x00000014   Zero   RW          107    .bss.hrng           rng.o
    0x200005c0        -       0x00000064   Zero   RW          122    .bss.hspi2          spi.o
    0x20000624        -       0x0000004c   Zero   RW          141    .bss.htim1          tim.o
    0x20000670        -       0x0000004c   Zero   RW          142    .bss.htim8          tim.o
    0x200006bc        -       0x00000090   Zero   RW          181    .bss.huart2         usart.o
    0x2000074c        -       0x00000090   Zero   RW          182    .bss.huart3         usart.o
    0x200007dc        -       0x00000004   Zero   RW           32    .bss.random_num     main.o
    0x200007e0        -       0x00000004   Zero   RW          749    .bss.uwTick         stm32g4xx_hal.o
    0x200007e4   0x08004b20   0x00000004   PAD
    0x200007e8        -       0x00000200   Zero   RW            2    HEAP                startup_stm32g431xx.o
    0x200009e8        -       0x00000400   Zero   RW            1    STACK               startup_stm32g431xx.o


==============================================================================

Image component sizes


      Code (inc. data)   RO Data    RW Data    ZI Data      Debug   Object Name

       610          0          0          0        220       7583   adc.o
       220          0          0          0         20       5783   dac.o
       182          0          0          0          0       4032   gpio.o
       316          0          0          0         76       6682   i2c.o
       624          0          6        268          6       7361   main.o
       130          0          0          0          0       5023   ring_buffer.o
       142          0          0          0         20       5119   rng.o
       188          0          0          0        100       5551   spi.o
        64         26        472          0       1536        852   startup_stm32g431xx.o
       230          0          0          8          4       8611   stm32g4xx_hal.o
      1668          0          0          0          0      23736   stm32g4xx_hal_adc.o
       236          0          0          0          0      21203   stm32g4xx_hal_adc_ex.o
       258          0          0          0          0      10458   stm32g4xx_hal_cortex.o
       524          0          0          0          0       9234   stm32g4xx_hal_dac.o
       232          0          0          0          0       8626   stm32g4xx_hal_dma.o
       452          0          0          0          0       5386   stm32g4xx_hal_gpio.o
       162          0          0          0          0      39543   stm32g4xx_hal_i2c.o
       146          0          0          0          0       6560   stm32g4xx_hal_i2c_ex.o
        56          0          0          0          0       1616   stm32g4xx_hal_msp.o
       202          0          0          0          0      15429   stm32g4xx_hal_pcd.o
        42          0          0          0          0       5439   stm32g4xx_hal_pcd_ex.o
        22          0          0          0          0       5322   stm32g4xx_hal_pwr.o
       370          0          0          0          0       9530   stm32g4xx_hal_pwr_ex.o
      1948          0          0          0          0       9252   stm32g4xx_hal_rcc.o
       658          0          0          0          0      10629   stm32g4xx_hal_rcc_ex.o
       264          0          0          0          0       3969   stm32g4xx_hal_rng.o
       226          0          0          0          0      23345   stm32g4xx_hal_spi.o
      1776          6          0          0          0      49079   stm32g4xx_hal_tim.o
       366          0          0          0          0      27400   stm32g4xx_hal_tim_ex.o
      2516         62         24          0          0      33082   stm32g4xx_hal_uart.o
       292          0         16          0          0      10091   stm32g4xx_hal_uart_ex.o
        68          0          0          0          0       1964   stm32g4xx_it.o
       310          0          0          0          0       4832   stm32g4xx_ll_gpio.o
        46          0          0          0          0      13826   stm32g4xx_ll_usb.o
        18          0         24          4          0       2767   system_stm32g4xx.o
      1014          0          0          0        152       8191   tim.o
       204          0          0          0          0       6002   ucpd.o
       576          0          0          0        288       8520   usart.o
       140          0          0          0        756       5102   usb.o

    ----------------------------------------------------------------------
     17684         94        574        280       3184     436730   Object Totals
         0          0         32          0          0          0   (incl. Generated)
       186          0          0          0          6          0   (incl. Padding)

    ----------------------------------------------------------------------

      Code (inc. data)   RO Data    RW Data    ZI Data      Debug   Library Member Name

         8          0          0          0          0         68   __main.o
         0          0          0          0          0          0   __rtentry.o
        12          0          0          0          0          0   __rtentry2.o
         6          0          0          0          0          0   __rtentry4.o
        52          8          0          0          0          0   __scatter.o
        26          0          0          0          0          0   __scatter_copy.o
        28          0          0          0          0          0   __scatter_zi.o
        18          0          0          0          0         80   exit.o
         6          0          0          0          0        152   heapauxi.o
         0          0          0          0          0          0   indicate_semi.o
         2          0          0          0          0          0   libinit.o
         6          0          0          0          0          0   libinit2.o
         2          0          0          0          0          0   libshutdown.o
         2          0          0          0          0          0   libshutdown2.o
         8          4          0          0         96         68   libspace.o
       240          0          0          0          0        100   lludivv7m.o
        68          0          0          0          0         68   rt_memclr.o
        78          0          0          0          0         80   rt_memclr_w.o
         2          0          0          0          0          0   rtexit.o
        10          0          0          0          0          0   rtexit2.o
        12          4          0          0          0         68   sys_exit.o
        74          0          0          0          0         80   sys_stackheap_outer.o
         2          0          0          0          0         68   use_no_semi.o
        26          0          0          0          0        116   fpinit.o

    ----------------------------------------------------------------------
       694         16          0          0         96        948   Library Totals
         6          0          0          0          0          0   (incl. Padding)

    ----------------------------------------------------------------------

      Code (inc. data)   RO Data    RW Data    ZI Data      Debug   Library Name

       662         16          0          0         96        832   c_w.l
        26          0          0          0          0        116   fz_wm.l

    ----------------------------------------------------------------------
       694         16          0          0         96        948   Library Totals

    ----------------------------------------------------------------------

==============================================================================


      Code (inc. data)   RO Data    RW Data    ZI Data      Debug   

     18378        110        574        280       3280     436626   Grand Totals
     18378        110        574        280       3280     436626   ELF Image Totals
     18378        110        574        280          0          0   ROM Totals

==============================================================================

    Total RO  Size (Code + RO Data)                18952 (  18.51kB)
    Total RW  Size (RW Data + ZI Data)              3560 (   3.48kB)
    Total ROM Size (Code + RO Data + RW Data)      19232 (  18.78kB)

==============================================================================

